#-----------------------------------------------------------
# Vivado v2025.2 (64-bit)
# SW Build 6299465 on Fri Nov 14 19:35:11 GMT 2025
# IP Build 6300035 on Fri Nov 14 10:48:45 MST 2025
# SharedData Build 6298862 on Thu Nov 13 04:50:51 MST 2025
# Start of session at: Mon May  4 22:20:29 2026
# Process ID         : 26540
# Current directory  : C:/Users/admin/Desktop/Projekt/DE1_Uloha6/digi_safe
# Command line       : vivado.exe -gui_launcher_event rodinguilauncherevent23880 C:\Users\admin\Desktop\Projekt\DE1_Uloha6\digi_safe\digi_safe.xpr
# Log file           : C:/Users/admin/Desktop/Projekt/DE1_Uloha6/digi_safe/vivado.log
# Journal file       : C:/Users/admin/Desktop/Projekt/DE1_Uloha6/digi_safe\vivado.jou
# Running On         : DESKTOP-38S5LQR
# Platform           : Windows Server 2016 or Windows 10
# Operating System   : 26200
# Processor Detail   : Intel(R) Core(TM) i5-10400F CPU @ 2.90GHz
# CPU Frequency      : 2904 MHz
# CPU Physical cores : 6
# CPU Logical cores  : 12
# Host memory        : 17103 MB
# Swap memory        : 11811 MB
# Total Virtual      : 28914 MB
# Available Virtual  : 12583 MB
#-----------------------------------------------------------
start_gui
open_project C:/Users/admin/Desktop/Projekt/DE1_Uloha6/digi_safe/digi_safe.xpr
WARNING: [Board 49-26] cannot add Board Part xilinx.com:emb-plus-vpr-4616:part0:1.0 available at D:/AMDDesignTools/2025.2/data/xhub/boards\XilinxBoardStore\boards\Xilinx\emb-plus-vpr-4616\1.0\board.xml as part xcve2302-sfva784-2mp-e-s specified in board_part file is either invalid or not available
WARNING: [Board 49-26] cannot add Board Part xilinx.com:emb-plus-vpr-4616:part0:1.1 available at D:/AMDDesignTools/2025.2/data/xhub/boards\XilinxBoardStore\boards\Xilinx\emb-plus-vpr-4616\1.1\board.xml as part xcve2302-sfva784-2mp-e-s specified in board_part file is either invalid or not available
WARNING: [Board 49-26] cannot add Board Part xilinx.com:k24c:part0:1.0 available at D:/AMDDesignTools/2025.2/data/xhub/boards\XilinxBoardStore\boards\Xilinx\k24c\1.0\board.xml as part xck24-ubva530-2lv-c specified in board_part file is either invalid or not available
WARNING: [Board 49-26] cannot add Board Part xilinx.com:k24c:part0:1.1 available at D:/AMDDesignTools/2025.2/data/xhub/boards\XilinxBoardStore\boards\Xilinx\k24c\1.1\board.xml as part xck24-ubva530-2lv-c specified in board_part file is either invalid or not available
WARNING: [Board 49-26] cannot add Board Part xilinx.com:k24i:part0:1.0 available at D:/AMDDesignTools/2025.2/data/xhub/boards\XilinxBoardStore\boards\Xilinx\k24i\1.0\board.xml as part xck24-ubva530-2lvi-i specified in board_part file is either invalid or not available
WARNING: [Board 49-26] cannot add Board Part xilinx.com:k26c:part0:1.2 available at D:/AMDDesignTools/2025.2/data/xhub/boards\XilinxBoardStore\boards\Xilinx\k26c\1.2\board.xml as part xck26-sfvc784-2lv-c specified in board_part file is either invalid or not available
WARNING: [Board 49-26] cannot add Board Part xilinx.com:k26c:part0:1.3 available at D:/AMDDesignTools/2025.2/data/xhub/boards\XilinxBoardStore\boards\Xilinx\k26c\1.3\board.xml as part xck26-sfvc784-2lv-c specified in board_part file is either invalid or not available
WARNING: [Board 49-26] cannot add Board Part xilinx.com:k26c:part0:1.4 available at D:/AMDDesignTools/2025.2/data/xhub/boards\XilinxBoardStore\boards\Xilinx\k26c\1.4\board.xml as part xck26-sfvc784-2lv-c specified in board_part file is either invalid or not available
WARNING: [Board 49-26] cannot add Board Part xilinx.com:k26i:part0:1.2 available at D:/AMDDesignTools/2025.2/data/xhub/boards\XilinxBoardStore\boards\Xilinx\k26i\1.2\board.xml as part xck26-sfvc784-2lvi-i specified in board_part file is either invalid or not available
WARNING: [Board 49-26] cannot add Board Part xilinx.com:k26i:part0:1.3 available at D:/AMDDesignTools/2025.2/data/xhub/boards\XilinxBoardStore\boards\Xilinx\k26i\1.3\board.xml as part xck26-sfvc784-2lvi-i specified in board_part file is either invalid or not available
WARNING: [Board 49-26] cannot add Board Part xilinx.com:k26i:part0:1.4 available at D:/AMDDesignTools/2025.2/data/xhub/boards\XilinxBoardStore\boards\Xilinx\k26i\1.4\board.xml as part xck26-sfvc784-2lvi-i specified in board_part file is either invalid or not available
WARNING: [Board 49-26] cannot add Board Part xilinx.com:kc705:part0:1.6 available at D:/AMDDesignTools/2025.2/data/xhub/boards\XilinxBoardStore\boards\Xilinx\kc705\1.6\board.xml as part xc7k325tffg900-2 specified in board_part file is either invalid or not available
WARNING: [Board 49-26] cannot add Board Part xilinx.com:kc705:part0:1.7 available at D:/AMDDesignTools/2025.2/data/xhub/boards\XilinxBoardStore\boards\Xilinx\kc705\1.7\board.xml as part xc7k325tffg900-2 specified in board_part file is either invalid or not available
WARNING: [Board 49-26] cannot add Board Part xilinx.com:kcu105:part0:1.6 available at D:/AMDDesignTools/2025.2/data/xhub/boards\XilinxBoardStore\boards\Xilinx\kcu105\1.6\board.xml as part xcku040-ffva1156-2-e specified in board_part file is either invalid or not available
WARNING: [Board 49-26] cannot add Board Part xilinx.com:kcu105:part0:1.7 available at D:/AMDDesignTools/2025.2/data/xhub/boards\XilinxBoardStore\boards\Xilinx\kcu105\1.7\board.xml as part xcku040-ffva1156-2-e specified in board_part file is either invalid or not available
WARNING: [Board 49-26] cannot add Board Part xilinx.com:kcu116:part0:1.4 available at D:/AMDDesignTools/2025.2/data/xhub/boards\XilinxBoardStore\boards\Xilinx\kcu116\1.4\board.xml as part xcku5p-ffvb676-2-e specified in board_part file is either invalid or not available
WARNING: [Board 49-26] cannot add Board Part xilinx.com:kcu116:part0:1.5 available at D:/AMDDesignTools/2025.2/data/xhub/boards\XilinxBoardStore\boards\Xilinx\kcu116\1.5\board.xml as part xcku5p-ffvb676-2-e specified in board_part file is either invalid or not available
WARNING: [Board 49-26] cannot add Board Part xilinx.com:kcu1500:part0:1.2 available at D:/AMDDesignTools/2025.2/data/xhub/boards\XilinxBoardStore\boards\Xilinx\kcu1500\1.2\board.xml as part xcku115-flvb2104-2-e specified in board_part file is either invalid or not available
WARNING: [Board 49-26] cannot add Board Part xilinx.com:kd240_som:part0:1.0 available at D:/AMDDesignTools/2025.2/data/xhub/boards\XilinxBoardStore\boards\Xilinx\kd240_som\1.0\board.xml as part xck24-ubva530-2lv-c specified in board_part file is either invalid or not available
WARNING: [Board 49-26] cannot add Board Part xilinx.com:kd240_som:part0:1.1 available at D:/AMDDesignTools/2025.2/data/xhub/boards\XilinxBoardStore\boards\Xilinx\kd240_som\1.1\board.xml as part xck24-ubva530-2lv-c specified in board_part file is either invalid or not available
WARNING: [Board 49-26] cannot add Board Part xilinx.com:kr260_som:part0:1.0 available at D:/AMDDesignTools/2025.2/data/xhub/boards\XilinxBoardStore\boards\Xilinx\kr260_som\1.0\board.xml as part xck26-sfvc784-2lv-c specified in board_part file is either invalid or not available
WARNING: [Board 49-26] cannot add Board Part xilinx.com:kr260_som:part0:1.1 available at D:/AMDDesignTools/2025.2/data/xhub/boards\XilinxBoardStore\boards\Xilinx\kr260_som\1.1\board.xml as part xck26-sfvc784-2lv-c specified in board_part file is either invalid or not available
WARNING: [Board 49-26] cannot add Board Part xilinx.com:kv260_som:part0:1.2 available at D:/AMDDesignTools/2025.2/data/xhub/boards\XilinxBoardStore\boards\Xilinx\kv260_som\1.2\board.xml as part xck26-sfvc784-2lv-c specified in board_part file is either invalid or not available
WARNING: [Board 49-26] cannot add Board Part xilinx.com:kv260_som:part0:1.3 available at D:/AMDDesignTools/2025.2/data/xhub/boards\XilinxBoardStore\boards\Xilinx\kv260_som\1.3\board.xml as part xck26-sfvc784-2lv-c specified in board_part file is either invalid or not available
WARNING: [Board 49-26] cannot add Board Part xilinx.com:kv260_som:part0:1.4 available at D:/AMDDesignTools/2025.2/data/xhub/boards\XilinxBoardStore\boards\Xilinx\kv260_som\1.4\board.xml as part xck26-sfvc784-2lv-c specified in board_part file is either invalid or not available
WARNING: [Board 49-26] cannot add Board Part xilinx.com:scu35:part0:1.0 available at D:/AMDDesignTools/2025.2/data/xhub/boards\XilinxBoardStore\boards\Xilinx\scu35\1.0\board.xml as part xcsu35p-sbvb625-2-e specified in board_part file is either invalid or not available
WARNING: [Board 49-26] cannot add Board Part xilinx.com:sp701:part0:1.0 available at D:/AMDDesignTools/2025.2/data/xhub/boards\XilinxBoardStore\boards\Xilinx\sp701\1.0\board.xml as part xc7s100fgga676-2 specified in board_part file is either invalid or not available
WARNING: [Board 49-26] cannot add Board Part xilinx.com:sp701:part0:1.1 available at D:/AMDDesignTools/2025.2/data/xhub/boards\XilinxBoardStore\boards\Xilinx\sp701\1.1\board.xml as part xc7s100fgga676-2 specified in board_part file is either invalid or not available
WARNING: [Board 49-26] cannot add Board Part xilinx.com:v80:part0:1.0 available at D:/AMDDesignTools/2025.2/data/xhub/boards\XilinxBoardStore\boards\Xilinx\v80\1.0\board.xml as part xcv80-lsva4737-2mhp-e-s specified in board_part file is either invalid or not available
WARNING: [Board 49-26] cannot add Board Part xilinx.com:vc707:part0:1.4 available at D:/AMDDesignTools/2025.2/data/xhub/boards\XilinxBoardStore\boards\Xilinx\vc707\1.4\board.xml as part xc7vx485tffg1761-2 specified in board_part file is either invalid or not available
WARNING: [Board 49-26] cannot add Board Part xilinx.com:vc707:part0:1.5 available at D:/AMDDesignTools/2025.2/data/xhub/boards\XilinxBoardStore\boards\Xilinx\vc707\1.5\board.xml as part xc7vx485tffg1761-2 specified in board_part file is either invalid or not available
WARNING: [Board 49-26] cannot add Board Part xilinx.com:vc709:part0:1.8 available at D:/AMDDesignTools/2025.2/data/xhub/boards\XilinxBoardStore\boards\Xilinx\vc709\1.8\board.xml as part xc7vx690tffg1761-2 specified in board_part file is either invalid or not available
WARNING: [Board 49-26] cannot add Board Part xilinx.com:vck190:part0:2.2 available at D:/AMDDesignTools/2025.2/data/xhub/boards\XilinxBoardStore\boards\Xilinx\vck190\production\2.2\board.xml as part xcvc1902-vsva2197-2mp-e-s specified in board_part file is either invalid or not available
WARNING: [Board 49-26] cannot add Board Part xilinx.com:vck190:part0:3.0 available at D:/AMDDesignTools/2025.2/data/xhub/boards\XilinxBoardStore\boards\Xilinx\vck190\production\3.0\board.xml as part xcvc1902-vsva2197-2mp-e-s specified in board_part file is either invalid or not available
WARNING: [Board 49-26] cannot add Board Part xilinx.com:vck190:part0:3.1 available at D:/AMDDesignTools/2025.2/data/xhub/boards\XilinxBoardStore\boards\Xilinx\vck190\production\3.1\board.xml as part xcvc1902-vsva2197-2mp-e-s specified in board_part file is either invalid or not available
WARNING: [Board 49-26] cannot add Board Part xilinx.com:vck190:part0:3.2 available at D:/AMDDesignTools/2025.2/data/xhub/boards\XilinxBoardStore\boards\Xilinx\vck190\production\3.2\board.xml as part xcvc1902-vsva2197-2mp-e-s specified in board_part file is either invalid or not available
WARNING: [Board 49-26] cannot add Board Part xilinx.com:vck190:part0:3.3 available at D:/AMDDesignTools/2025.2/data/xhub/boards\XilinxBoardStore\boards\Xilinx\vck190\production\3.3\board.xml as part xcvc1902-vsva2197-2mp-e-s specified in board_part file is either invalid or not available
WARNING: [Board 49-26] cannot add Board Part xilinx.com:vck190:part0:3.4 available at D:/AMDDesignTools/2025.2/data/xhub/boards\XilinxBoardStore\boards\Xilinx\vck190\production\3.4\board.xml as part xcvc1902-vsva2197-2mp-e-s specified in board_part file is either invalid or not available
WARNING: [Board 49-26] cannot add Board Part xilinx.com:vck190_newl:part0:1.0 available at D:/AMDDesignTools/2025.2/data/xhub/boards\XilinxBoardStore\boards\Xilinx\vck190_newl\production\1.0\board.xml as part xcvc1902-vsva2197-2mp-e-s specified in board_part file is either invalid or not available
WARNING: [Board 49-26] cannot add Board Part xilinx.com:vck190_newl:part0:1.1 available at D:/AMDDesignTools/2025.2/data/xhub/boards\XilinxBoardStore\boards\Xilinx\vck190_newl\production\1.1\board.xml as part xcvc1902-vsva2197-2mp-e-s specified in board_part file is either invalid or not available
WARNING: [Board 49-26] cannot add Board Part xilinx.com:vck190_newl:part0:1.2 available at D:/AMDDesignTools/2025.2/data/xhub/boards\XilinxBoardStore\boards\Xilinx\vck190_newl\production\1.2\board.xml as part xcvc1902-vsva2197-2mp-e-s specified in board_part file is either invalid or not available
WARNING: [Board 49-26] cannot add Board Part xilinx.com:vck190_newl:part0:1.3 available at D:/AMDDesignTools/2025.2/data/xhub/boards\XilinxBoardStore\boards\Xilinx\vck190_newl\production\1.3\board.xml as part xcvc1902-vsva2197-2mp-e-s specified in board_part file is either invalid or not available
WARNING: [Board 49-26] cannot add Board Part xilinx.com:vcu108:part0:1.6 available at D:/AMDDesignTools/2025.2/data/xhub/boards\XilinxBoardStore\boards\Xilinx\vcu108\1.6\board.xml as part xcvu095-ffva2104-2-e specified in board_part file is either invalid or not available
WARNING: [Board 49-26] cannot add Board Part xilinx.com:vcu108:part0:1.7 available at D:/AMDDesignTools/2025.2/data/xhub/boards\XilinxBoardStore\boards\Xilinx\vcu108\1.7\board.xml as part xcvu095-ffva2104-2-e specified in board_part file is either invalid or not available
WARNING: [Board 49-26] cannot add Board Part xilinx.com:vcu110:part0:1.4 available at D:/AMDDesignTools/2025.2/data/xhub/boards\XilinxBoardStore\boards\Xilinx\vcu110\1.4\board.xml as part xcvu190-flgc2104-2-e specified in board_part file is either invalid or not available
WARNING: [Board 49-26] cannot add Board Part xilinx.com:vcu118:part0:2.0 available at D:/AMDDesignTools/2025.2/data/xhub/boards\XilinxBoardStore\boards\Xilinx\vcu118\2.0\board.xml as part xcvu9p-flga2104-2l-e specified in board_part file is either invalid or not available
WARNING: [Board 49-26] cannot add Board Part xilinx.com:vcu118:part0:2.3 available at D:/AMDDesignTools/2025.2/data/xhub/boards\XilinxBoardStore\boards\Xilinx\vcu118\2.3\board.xml as part xcvu9p-flga2104-2l-e specified in board_part file is either invalid or not available
WARNING: [Board 49-26] cannot add Board Part xilinx.com:vcu118:part0:2.4 available at D:/AMDDesignTools/2025.2/data/xhub/boards\XilinxBoardStore\boards\Xilinx\vcu118\2.4\board.xml as part xcvu9p-flga2104-2l-e specified in board_part file is either invalid or not available
WARNING: [Board 49-26] cannot add Board Part xilinx.com:vcu128:part0:1.0 available at D:/AMDDesignTools/2025.2/data/xhub/boards\XilinxBoardStore\boards\Xilinx\vcu128\production\1.0\board.xml as part xcvu37p-fsvh2892-2l-e specified in board_part file is either invalid or not available
WARNING: [Board 49-26] cannot add Board Part xilinx.com:vcu129:part0:1.0 available at D:/AMDDesignTools/2025.2/data/xhub/boards\XilinxBoardStore\boards\Xilinx\vcu129\production\1.0\board.xml as part xcvu29p-fsga2577-2l-e specified in board_part file is either invalid or not available
INFO: [Project 1-313] Project file moved from 'C:/Users/270925/Desktop/DE1_Uloha6/digi_safe' since last save.
WARNING: [Board 49-26] cannot add Board Part xilinx.com:vcu1525:part0:1.3 available at D:/AMDDesignTools/2025.2/data/xhub/boards\XilinxBoardStore\boards\Xilinx\vcu1525\1.3\board.xml as part xcvu9p-fsgd2104-2l-e specified in board_part file is either invalid or not available
WARNING: [Board 49-26] cannot add Board Part xilinx.com:vek280:part0:1.0 available at D:/AMDDesignTools/2025.2/data/xhub/boards\XilinxBoardStore\boards\Xilinx\vek280\production\1.0\board.xml as part xcve2802-vsvh1760-2mp-e-s specified in board_part file is either invalid or not available
WARNING: [Board 49-26] cannot add Board Part xilinx.com:vek280:part0:1.1 available at D:/AMDDesignTools/2025.2/data/xhub/boards\XilinxBoardStore\boards\Xilinx\vek280\production\1.1\board.xml as part xcve2802-vsvh1760-2mp-e-s specified in board_part file is either invalid or not available
WARNING: [Board 49-26] cannot add Board Part xilinx.com:vek280:part0:1.2 available at D:/AMDDesignTools/2025.2/data/xhub/boards\XilinxBoardStore\boards\Xilinx\vek280\production\1.2\board.xml as part xcve2802-vsvh1760-2mp-e-s specified in board_part file is either invalid or not available
WARNING: [Board 49-26] cannot add Board Part xilinx.com:vek385:part0:1.0 available at D:/AMDDesignTools/2025.2/data/xhub/boards\XilinxBoardStore\boards\Xilinx\vek385\1.0\board.xml as part xc2ve3858-ssva2112-2mp-e-s specified in board_part file is either invalid or not available
WARNING: [Board 49-26] cannot add Board Part xilinx.com:vek385:part0:1.1 available at D:/AMDDesignTools/2025.2/data/xhub/boards\XilinxBoardStore\boards\Xilinx\vek385\1.1\board.xml as part xc2ve3858-ssva2112-2mp-e-s specified in board_part file is either invalid or not available
WARNING: [Board 49-26] cannot add Board Part xilinx.com:vek385_1:part0:1.0 available at D:/AMDDesignTools/2025.2/data/xhub/boards\XilinxBoardStore\boards\Xilinx\vek385_2\1.0\board.xml as part xc2ve3858-ssva2112-2mp-e-s specified in board_part file is either invalid or not available
WARNING: [Board 49-26] cannot add Board Part xilinx.com:vermeo_t1_mpsoc:part0:1.0 available at D:/AMDDesignTools/2025.2/data/xhub/boards\XilinxBoardStore\boards\Xilinx\vermeo_t1_mpsoc\1.0\board.xml as part xczu19eg-ffvd1760-2l-e specified in board_part file is either invalid or not available
WARNING: [Board 49-26] cannot add Board Part xilinx.com:vermeo_t1_rfsoc:part0:1.0 available at D:/AMDDesignTools/2025.2/data/xhub/boards\XilinxBoardStore\boards\Xilinx\vermeo_t1_rfsoc\1.0\board.xml as part xczu21dr-ffvd1156-2l-e specified in board_part file is either invalid or not available
WARNING: [Board 49-26] cannot add Board Part xilinx.com:vhk158:part0:1.0 available at D:/AMDDesignTools/2025.2/data/xhub/boards\XilinxBoardStore\boards\Xilinx\vhk158\production\1.0\board.xml as part xcvh1582-vsva3697-2mp-e-s specified in board_part file is either invalid or not available
WARNING: [Board 49-26] cannot add Board Part xilinx.com:vhk158:part0:1.1 available at D:/AMDDesignTools/2025.2/data/xhub/boards\XilinxBoardStore\boards\Xilinx\vhk158\production\1.1\board.xml as part xcvh1582-vsva3697-2mp-e-s specified in board_part file is either invalid or not available
WARNING: [Board 49-26] cannot add Board Part xilinx.com:vhk158:part0:1.2 available at D:/AMDDesignTools/2025.2/data/xhub/boards\XilinxBoardStore\boards\Xilinx\vhk158\production\1.2\board.xml as part xcvh1582-vsva3697-2mp-e-s specified in board_part file is either invalid or not available
WARNING: [Board 49-26] cannot add Board Part xilinx.com:vmk180:part0:2.2 available at D:/AMDDesignTools/2025.2/data/xhub/boards\XilinxBoardStore\boards\Xilinx\vmk180\production\2.2\board.xml as part xcvm1802-vsva2197-2mp-e-s specified in board_part file is either invalid or not available
WARNING: [Board 49-26] cannot add Board Part xilinx.com:vmk180:part0:3.0 available at D:/AMDDesignTools/2025.2/data/xhub/boards\XilinxBoardStore\boards\Xilinx\vmk180\production\3.0\board.xml as part xcvm1802-vsva2197-2mp-e-s specified in board_part file is either invalid or not available
WARNING: [Board 49-26] cannot add Board Part xilinx.com:vmk180:part0:3.1 available at D:/AMDDesignTools/2025.2/data/xhub/boards\XilinxBoardStore\boards\Xilinx\vmk180\production\3.1\board.xml as part xcvm1802-vsva2197-2mp-e-s specified in board_part file is either invalid or not available
INFO: [filemgmt 56-3] Default IP Output Path : Could not find the directory 'C:/Users/admin/Desktop/Projekt/DE1_Uloha6/digi_safe/digi_safe.gen/sources_1'.
WARNING: [Board 49-26] cannot add Board Part xilinx.com:vmk180:part0:3.2 available at D:/AMDDesignTools/2025.2/data/xhub/boards\XilinxBoardStore\boards\Xilinx\vmk180\production\3.2\board.xml as part xcvm1802-vsva2197-2mp-e-s specified in board_part file is either invalid or not available
WARNING: [Board 49-26] cannot add Board Part xilinx.com:vmk180:part0:3.3 available at D:/AMDDesignTools/2025.2/data/xhub/boards\XilinxBoardStore\boards\Xilinx\vmk180\production\3.3\board.xml as part xcvm1802-vsva2197-2mp-e-s specified in board_part file is either invalid or not available
WARNING: [Board 49-26] cannot add Board Part xilinx.com:vmk180_newl:part0:1.0 available at D:/AMDDesignTools/2025.2/data/xhub/boards\XilinxBoardStore\boards\Xilinx\vmk180_newl\production\1.0\board.xml as part xcvm1802-vsva2197-2mp-e-s specified in board_part file is either invalid or not available
WARNING: [Board 49-26] cannot add Board Part xilinx.com:vmk180_newl:part0:1.1 available at D:/AMDDesignTools/2025.2/data/xhub/boards\XilinxBoardStore\boards\Xilinx\vmk180_newl\production\1.1\board.xml as part xcvm1802-vsva2197-2mp-e-s specified in board_part file is either invalid or not available
WARNING: [filemgmt 56-3] IPUserFilesDir: Could not find the directory 'C:/Users/admin/Desktop/Projekt/DE1_Uloha6/digi_safe/digi_safe.ip_user_files'.
WARNING: [Board 49-26] cannot add Board Part xilinx.com:vpk120:part0:1.0 available at D:/AMDDesignTools/2025.2/data/xhub/boards\XilinxBoardStore\boards\Xilinx\vpk120\production\1.0\board.xml as part xcvp1202-vsva2785-2mp-e-s specified in board_part file is either invalid or not available
WARNING: [Board 49-26] cannot add Board Part xilinx.com:vpk120:part0:1.1 available at D:/AMDDesignTools/2025.2/data/xhub/boards\XilinxBoardStore\boards\Xilinx\vpk120\production\1.1\board.xml as part xcvp1202-vsva2785-2mp-e-s specified in board_part file is either invalid or not available
WARNING: [Board 49-26] cannot add Board Part xilinx.com:vpk120:part0:1.2 available at D:/AMDDesignTools/2025.2/data/xhub/boards\XilinxBoardStore\boards\Xilinx\vpk120\production\1.2\board.xml as part xcvp1202-vsva2785-2mp-e-s specified in board_part file is either invalid or not available
WARNING: [Board 49-26] cannot add Board Part xilinx.com:vpk180:part0:1.0 available at D:/AMDDesignTools/2025.2/data/xhub/boards\XilinxBoardStore\boards\Xilinx\vpk180\production\1.0\board.xml as part xcvp1802-lsvc4072-2mp-e-s specified in board_part file is either invalid or not available
WARNING: [Board 49-26] cannot add Board Part xilinx.com:vpk180:part0:1.1 available at D:/AMDDesignTools/2025.2/data/xhub/boards\XilinxBoardStore\boards\Xilinx\vpk180\production\1.1\board.xml as part xcvp1802-lsvc4072-2mp-e-s specified in board_part file is either invalid or not available
WARNING: [Board 49-26] cannot add Board Part xilinx.com:vpk180:part0:1.2 available at D:/AMDDesignTools/2025.2/data/xhub/boards\XilinxBoardStore\boards\Xilinx\vpk180\production\1.2\board.xml as part xcvp1802-lsvc4072-2mp-e-s specified in board_part file is either invalid or not available
WARNING: [Board 49-26] cannot add Board Part xilinx.com:vrk160:part0:1.0 available at D:/AMDDesignTools/2025.2/data/xhub/boards\XilinxBoardStore\boards\Xilinx\vrk160\1.0\board.xml as part xcvr1602-vsva2488-2mp-e-s-es1 specified in board_part file is either invalid or not available
WARNING: [Board 49-26] cannot add Board Part xilinx.com:vrk160:part0:1.1 available at D:/AMDDesignTools/2025.2/data/xhub/boards\XilinxBoardStore\boards\Xilinx\vrk160\1.1\board.xml as part xcvr1602-vsva2488-2mp-e-s-es1 specified in board_part file is either invalid or not available
WARNING: [Board 49-26] cannot add Board Part xilinx.com:zc702:part0:1.4 available at D:/AMDDesignTools/2025.2/data/xhub/boards\XilinxBoardStore\boards\Xilinx\zc702\1.4\board.xml as part xc7z020clg484-1 specified in board_part file is either invalid or not available
WARNING: [Board 49-26] cannot add Board Part xilinx.com:zc706:part0:1.4 available at D:/AMDDesignTools/2025.2/data/xhub/boards\XilinxBoardStore\boards\Xilinx\zc706\1.4\board.xml as part xc7z045ffg900-2 specified in board_part file is either invalid or not available
WARNING: [Board 49-26] cannot add Board Part xilinx.com:zc706:part0:1.5 available at D:/AMDDesignTools/2025.2/data/xhub/boards\XilinxBoardStore\boards\Xilinx\zc706\1.5\board.xml as part xc7z045ffg900-2 specified in board_part file is either invalid or not available
WARNING: [Board 49-26] cannot add Board Part xilinx.com:zcu102:part0:3.3 available at D:/AMDDesignTools/2025.2/data/xhub/boards\XilinxBoardStore\boards\Xilinx\zcu102\3.3\board.xml as part xczu9eg-ffvb1156-2-e specified in board_part file is either invalid or not available
WARNING: [Board 49-26] cannot add Board Part xilinx.com:zcu102:part0:3.4 available at D:/AMDDesignTools/2025.2/data/xhub/boards\XilinxBoardStore\boards\Xilinx\zcu102\3.4\board.xml as part xczu9eg-ffvb1156-2-e specified in board_part file is either invalid or not available
WARNING: [Board 49-26] cannot add Board Part xilinx.com:zcu104:part0:1.1 available at D:/AMDDesignTools/2025.2/data/xhub/boards\XilinxBoardStore\boards\Xilinx\zcu104\1.1\board.xml as part xczu7ev-ffvc1156-2-e specified in board_part file is either invalid or not available
WARNING: [Board 49-26] cannot add Board Part xilinx.com:zcu106:part0:2.4 available at D:/AMDDesignTools/2025.2/data/xhub/boards\XilinxBoardStore\boards\Xilinx\zcu106\2.4\board.xml as part xczu7ev-ffvc1156-2-e specified in board_part file is either invalid or not available
WARNING: [Board 49-26] cannot add Board Part xilinx.com:zcu106:part0:2.5 available at D:/AMDDesignTools/2025.2/data/xhub/boards\XilinxBoardStore\boards\Xilinx\zcu106\2.5\board.xml as part xczu7ev-ffvc1156-2-e specified in board_part file is either invalid or not available
WARNING: [Board 49-26] cannot add Board Part xilinx.com:zcu106:part0:2.6 available at D:/AMDDesignTools/2025.2/data/xhub/boards\XilinxBoardStore\boards\Xilinx\zcu106\2.6\board.xml as part xczu7ev-ffvc1156-2-e specified in board_part file is either invalid or not available
WARNING: [Board 49-26] cannot add Board Part xilinx.com:zcu111:part0:1.2 available at D:/AMDDesignTools/2025.2/data/xhub/boards\XilinxBoardStore\boards\Xilinx\zcu111\1.2\board.xml as part xczu28dr-ffvg1517-2-e specified in board_part file is either invalid or not available
WARNING: [Board 49-26] cannot add Board Part xilinx.com:zcu111:part0:1.3 available at D:/AMDDesignTools/2025.2/data/xhub/boards\XilinxBoardStore\boards\Xilinx\zcu111\1.3\board.xml as part xczu28dr-ffvg1517-2-e specified in board_part file is either invalid or not available
WARNING: [Board 49-26] cannot add Board Part xilinx.com:zcu111:part0:1.4 available at D:/AMDDesignTools/2025.2/data/xhub/boards\XilinxBoardStore\boards\Xilinx\zcu111\1.4\board.xml as part xczu28dr-ffvg1517-2-e specified in board_part file is either invalid or not available
WARNING: [Board 49-26] cannot add Board Part xilinx.com:zcu1275:part0:1.0 available at D:/AMDDesignTools/2025.2/data/xhub/boards\XilinxBoardStore\boards\Xilinx\zcu1275\1.0\board.xml as part xczu29dr-ffvf1760-2-e specified in board_part file is either invalid or not available
WARNING: [Board 49-26] cannot add Board Part xilinx.com:zcu1285:part0:1.0 available at D:/AMDDesignTools/2025.2/data/xhub/boards\XilinxBoardStore\boards\Xilinx\zcu1285\1.0\board.xml as part xczu39dr-ffvf1760-2-i specified in board_part file is either invalid or not available
WARNING: [Board 49-26] cannot add Board Part xilinx.com:zcu208:part0:2.0 available at D:/AMDDesignTools/2025.2/data/xhub/boards\XilinxBoardStore\boards\Xilinx\zcu208\production\2.0\board.xml as part xczu48dr-fsvg1517-2-e specified in board_part file is either invalid or not available
WARNING: [Board 49-26] cannot add Board Part xilinx.com:zcu208ld:part0:2.0 available at D:/AMDDesignTools/2025.2/data/xhub/boards\XilinxBoardStore\boards\Xilinx\zcu208ld\production\2.0\board.xml as part xczu58dr-fsvg1517-2-i specified in board_part file is either invalid or not available
WARNING: [Board 49-26] cannot add Board Part xilinx.com:zcu216:part0:2.0 available at D:/AMDDesignTools/2025.2/data/xhub/boards\XilinxBoardStore\boards\Xilinx\zcu216\production\2.0\board.xml as part xczu49dr-ffvf1760-2-e specified in board_part file is either invalid or not available
WARNING: [Board 49-26] cannot add Board Part xilinx.com:zcu216ld:part0:2.0 available at D:/AMDDesignTools/2025.2/data/xhub/boards\XilinxBoardStore\boards\Xilinx\zcu216ld\production\2.0\board.xml as part xczu59dr-ffvf1760-2-i specified in board_part file is either invalid or not available
WARNING: [Board 49-26] cannot add Board Part xilinx.com:zcu670:part0:2.0 available at D:/AMDDesignTools/2025.2/data/xhub/boards\XilinxBoardStore\boards\Xilinx\zcu670\2.0\board.xml as part xczu67dr-fsve1156-2-i specified in board_part file is either invalid or not available
WARNING: [Board 49-26] cannot add Board Part xilinx.com:zcu670ld:part0:1.0 available at D:/AMDDesignTools/2025.2/data/xhub/boards\XilinxBoardStore\boards\Xilinx\zcu670ld\1.0\board.xml as part xczu57dr-fsve1156-2-i specified in board_part file is either invalid or not available
Scanning sources...
Finished scanning sources
WARNING: [Board 49-26] cannot add Board Part xilinx.com:emb-plus-vpr-4616:part0:1.0 available at D:/AMDDesignTools/2025.2/data/xhub/boards\XilinxBoardStore\boards\Xilinx\emb-plus-vpr-4616\1.0\board.xml as part xcve2302-sfva784-2mp-e-s specified in board_part file is either invalid or not available
WARNING: [Board 49-26] cannot add Board Part xilinx.com:emb-plus-vpr-4616:part0:1.1 available at D:/AMDDesignTools/2025.2/data/xhub/boards\XilinxBoardStore\boards\Xilinx\emb-plus-vpr-4616\1.1\board.xml as part xcve2302-sfva784-2mp-e-s specified in board_part file is either invalid or not available
WARNING: [Board 49-26] cannot add Board Part xilinx.com:k24c:part0:1.0 available at D:/AMDDesignTools/2025.2/data/xhub/boards\XilinxBoardStore\boards\Xilinx\k24c\1.0\board.xml as part xck24-ubva530-2lv-c specified in board_part file is either invalid or not available
INFO: [Common 17-14] Message 'Board 49-26' appears 100 times and further instances of the messages will be disabled. Use the Tcl command set_msg_config to change the current settings.
WARNING: [Project 1-5713] Board part 'digilentinc.com:nexys-a7-50t:part0:1.3' set for the project  is not found. BoardPart property will be unset. Please select board from latest repo build 
INFO: [IP_Flow 19-234] Refreshing IP repositories
INFO: [IP_Flow 19-1704] No user IP repositories specified
INFO: [IP_Flow 19-2313] Loaded Vivado IP repository 'D:/AMDDesignTools/2025.2/Vivado/data/ip'.
open_project: Time (s): cpu = 00:00:19 ; elapsed = 00:00:10 . Memory (MB): peak = 1636.094 ; gain = 198.258
update_compile_order -fileset sources_1
add_files -norecurse C:/Users/admin/Desktop/Projekt/DE1_Uloha6/digi_safe/digi_safe.srcs/sources_1/new/digit_editor.vhd
update_compile_order -fileset sources_1
export_ip_user_files -of_objects  [get_files C:/Users/admin/Desktop/Projekt/DE1_Uloha6/digi_safe/digi_safe.srcs/sim_1/new/safe_control_logic_tb.vhd] -no_script -reset -force -quiet
remove_files  -fileset sim_1 C:/Users/admin/Desktop/Projekt/DE1_Uloha6/digi_safe/digi_safe.srcs/sim_1/new/safe_control_logic_tb.vhd
export_ip_user_files -of_objects  [get_files C:/Users/admin/Desktop/Projekt/DE1_Uloha6/digi_safe/digi_safe.srcs/sim_1/new/display_driver_tb.vhd] -no_script -reset -force -quiet
remove_files  -fileset sim_1 C:/Users/admin/Desktop/Projekt/DE1_Uloha6/digi_safe/digi_safe.srcs/sim_1/new/display_driver_tb.vhd
export_ip_user_files -of_objects  [get_files C:/Users/admin/Desktop/Projekt/DE1_Uloha6/digi_safe/digi_safe.srcs/sim_1/new/bin2seg_tb.vhd] -no_script -reset -force -quiet
remove_files  -fileset sim_1 C:/Users/admin/Desktop/Projekt/DE1_Uloha6/digi_safe/digi_safe.srcs/sim_1/new/bin2seg_tb.vhd
WARNING: [filemgmt 56-199] Attempt to get parsing info during refresh. "On-the-fly" syntax checking information may be incorrect. [C:\Users\admin\Desktop\Projekt\DE1_Uloha6\digi_safe\digi_safe.srcs\sources_1\new\digi_safe.vhd:]
WARNING: [filemgmt 56-199] Attempt to get parsing info during refresh. "On-the-fly" syntax checking information may be incorrect. [C:\Users\admin\Desktop\Projekt\DE1_Uloha6\digi_safe\digi_safe.srcs\sources_1\new\digit_editor.vhd:]
WARNING: [filemgmt 56-199] Attempt to get parsing info during refresh. "On-the-fly" syntax checking information may be incorrect. [C:\Users\admin\Desktop\Projekt\DE1_Uloha6\digi_safe\digi_safe.srcs\sim_1\new\digi_safe_tb.vhd:]
WARNING: [filemgmt 56-199] Attempt to get parsing info during refresh. "On-the-fly" syntax checking information may be incorrect. [C:\Users\admin\Desktop\Projekt\DE1_Uloha6\digi_safe\digi_safe.srcs\sources_1\new\digi_safe.vhd:]
WARNING: [filemgmt 56-199] Attempt to get parsing info during refresh. "On-the-fly" syntax checking information may be incorrect. [C:\Users\admin\Desktop\Projekt\DE1_Uloha6\digi_safe\digi_safe.srcs\sources_1\new\digi_safe.vhd:]
update_compile_order -fileset sim_1
WARNING: [filemgmt 56-199] Attempt to get parsing info during refresh. "On-the-fly" syntax checking information may be incorrect. [C:\Users\admin\Desktop\Projekt\DE1_Uloha6\digi_safe\digi_safe.srcs\sources_1\new\digi_safe.vhd:]
WARNING: [filemgmt 56-199] Attempt to get parsing info during refresh. "On-the-fly" syntax checking information may be incorrect. [C:\Users\admin\Desktop\Projekt\DE1_Uloha6\digi_safe\digi_safe.srcs\sources_1\new\digit_editor.vhd:]
WARNING: [filemgmt 56-199] Attempt to get parsing info during refresh. "On-the-fly" syntax checking information may be incorrect. [C:\Users\admin\Desktop\Projekt\DE1_Uloha6\digi_safe\digi_safe.srcs\sim_1\new\digi_safe_tb.vhd:]
WARNING: [filemgmt 56-199] Attempt to get parsing info during refresh. "On-the-fly" syntax checking information may be incorrect. [C:\Users\admin\Desktop\Projekt\DE1_Uloha6\digi_safe\digi_safe.srcs\sources_1\new\digit_editor.vhd:]
WARNING: [filemgmt 56-199] Attempt to get parsing info during refresh. "On-the-fly" syntax checking information may be incorrect. [C:\Users\admin\Desktop\Projekt\DE1_Uloha6\digi_safe\digi_safe.srcs\sources_1\new\digit_editor.vhd:]
WARNING: [filemgmt 56-199] Attempt to get parsing info during refresh. "On-the-fly" syntax checking information may be incorrect. [C:\Users\admin\Desktop\Projekt\DE1_Uloha6\digi_safe\digi_safe.srcs\sources_1\new\digi_safe.vhd:]
WARNING: [filemgmt 56-199] Attempt to get parsing info during refresh. "On-the-fly" syntax checking information may be incorrect. [C:\Users\admin\Desktop\Projekt\DE1_Uloha6\digi_safe\digi_safe.srcs\sources_1\new\digit_editor.vhd:]
WARNING: [filemgmt 56-199] Attempt to get parsing info during refresh. "On-the-fly" syntax checking information may be incorrect. [C:\Users\admin\Desktop\Projekt\DE1_Uloha6\digi_safe\digi_safe.srcs\sim_1\new\digi_safe_tb.vhd:]
WARNING: [filemgmt 56-199] Attempt to get parsing info during refresh. "On-the-fly" syntax checking information may be incorrect. [C:\Users\admin\Desktop\Projekt\DE1_Uloha6\digi_safe\digi_safe.srcs\sources_1\new\digi_safe.vhd:]
WARNING: [filemgmt 56-199] Attempt to get parsing info during refresh. "On-the-fly" syntax checking information may be incorrect. [C:\Users\admin\Desktop\Projekt\DE1_Uloha6\digi_safe\digi_safe.srcs\sources_1\new\digi_safe.vhd:]
WARNING: [filemgmt 56-199] Attempt to get parsing info during refresh. "On-the-fly" syntax checking information may be incorrect. [C:\Users\admin\Desktop\Projekt\DE1_Uloha6\digi_safe\digi_safe.srcs\sources_1\new\digi_safe.vhd:]
WARNING: [filemgmt 56-199] Attempt to get parsing info during refresh. "On-the-fly" syntax checking information may be incorrect. [C:\Users\admin\Desktop\Projekt\DE1_Uloha6\digi_safe\digi_safe.srcs\sources_1\new\digit_editor.vhd:]
WARNING: [filemgmt 56-199] Attempt to get parsing info during refresh. "On-the-fly" syntax checking information may be incorrect. [C:\Users\admin\Desktop\Projekt\DE1_Uloha6\digi_safe\digi_safe.srcs\sim_1\new\digi_safe_tb.vhd:]
WARNING: [filemgmt 56-199] Attempt to get parsing info during refresh. "On-the-fly" syntax checking information may be incorrect. [C:\Users\admin\Desktop\Projekt\DE1_Uloha6\digi_safe\digi_safe.srcs\sources_1\new\digi_safe.vhd:]
WARNING: [filemgmt 56-199] Attempt to get parsing info during refresh. "On-the-fly" syntax checking information may be incorrect. [C:\Users\admin\Desktop\Projekt\DE1_Uloha6\digi_safe\digi_safe.srcs\sources_1\new\digi_safe.vhd:]
set_property source_mgmt_mode DisplayOnly [current_project]
WARNING: [filemgmt 56-199] Attempt to get parsing info during refresh. "On-the-fly" syntax checking information may be incorrect. [C:\Users\admin\Desktop\Projekt\DE1_Uloha6\digi_safe\digi_safe.srcs\sources_1\new\digi_safe.vhd:]
WARNING: [filemgmt 56-199] Attempt to get parsing info during refresh. "On-the-fly" syntax checking information may be incorrect. [C:\Users\admin\Desktop\Projekt\DE1_Uloha6\digi_safe\digi_safe.srcs\sources_1\new\digit_editor.vhd:]
WARNING: [filemgmt 56-199] Attempt to get parsing info during refresh. "On-the-fly" syntax checking information may be incorrect. [C:\Users\admin\Desktop\Projekt\DE1_Uloha6\digi_safe\digi_safe.srcs\sim_1\new\digi_safe_tb.vhd:]
WARNING: [filemgmt 56-199] Attempt to get parsing info during refresh. "On-the-fly" syntax checking information may be incorrect. [C:\Users\admin\Desktop\Projekt\DE1_Uloha6\digi_safe\digi_safe.srcs\sources_1\new\digi_safe.vhd:]
WARNING: [filemgmt 56-199] Attempt to get parsing info during refresh. "On-the-fly" syntax checking information may be incorrect. [C:\Users\admin\Desktop\Projekt\DE1_Uloha6\digi_safe\digi_safe.srcs\sources_1\new\digi_safe.vhd:]
set_property top tb_digi_safe [get_filesets sim_1]
set_property top_lib xil_defaultlib [get_filesets sim_1]
WARNING: [filemgmt 56-199] Attempt to get parsing info during refresh. "On-the-fly" syntax checking information may be incorrect. [C:\Users\admin\Desktop\Projekt\DE1_Uloha6\digi_safe\digi_safe.srcs\sources_1\new\digi_safe.vhd:]
WARNING: [filemgmt 56-199] Attempt to get parsing info during refresh. "On-the-fly" syntax checking information may be incorrect. [C:\Users\admin\Desktop\Projekt\DE1_Uloha6\digi_safe\digi_safe.srcs\sources_1\new\digit_editor.vhd:]
WARNING: [filemgmt 56-199] Attempt to get parsing info during refresh. "On-the-fly" syntax checking information may be incorrect. [C:\Users\admin\Desktop\Projekt\DE1_Uloha6\digi_safe\digi_safe.srcs\sim_1\new\digi_safe_tb.vhd:]
WARNING: [filemgmt 56-199] Attempt to get parsing info during refresh. "On-the-fly" syntax checking information may be incorrect. [C:\Users\admin\Desktop\Projekt\DE1_Uloha6\digi_safe\digi_safe.srcs\sources_1\new\digit_editor.vhd:]
WARNING: [filemgmt 56-199] Attempt to get parsing info during refresh. "On-the-fly" syntax checking information may be incorrect. [C:\Users\admin\Desktop\Projekt\DE1_Uloha6\digi_safe\digi_safe.srcs\sources_1\new\digit_editor.vhd:]
WARNING: [filemgmt 56-199] Attempt to get parsing info during refresh. "On-the-fly" syntax checking information may be incorrect. [C:\Users\admin\Desktop\Projekt\DE1_Uloha6\digi_safe\digi_safe.srcs\sources_1\new\digi_safe.vhd:]
WARNING: [filemgmt 56-199] Attempt to get parsing info during refresh. "On-the-fly" syntax checking information may be incorrect. [C:\Users\admin\Desktop\Projekt\DE1_Uloha6\digi_safe\digi_safe.srcs\sources_1\new\digit_editor.vhd:]
WARNING: [filemgmt 56-199] Attempt to get parsing info during refresh. "On-the-fly" syntax checking information may be incorrect. [C:\Users\admin\Desktop\Projekt\DE1_Uloha6\digi_safe\digi_safe.srcs\sim_1\new\digi_safe_tb.vhd:]
WARNING: [filemgmt 56-199] Attempt to get parsing info during refresh. "On-the-fly" syntax checking information may be incorrect. [C:\Users\admin\Desktop\Projekt\DE1_Uloha6\digi_safe\digi_safe.srcs\sim_1\new\digi_safe_tb.vhd:]
WARNING: [filemgmt 56-199] Attempt to get parsing info during refresh. "On-the-fly" syntax checking information may be incorrect. [C:\Users\admin\Desktop\Projekt\DE1_Uloha6\digi_safe\digi_safe.srcs\sim_1\new\digi_safe_tb.vhd:]
ERROR: [Common 17-180] Spawn failed: The operation completed successfully.

launch_simulation
Command: launch_simulation 
INFO: [Vivado 12-25911] Executing simulation for 'XSim' simulator
INFO: [Vivado 12-28535] Process started - Mon May  4 22:27:02 2026

INFO: [Vivado 12-12493] Simulation top is 'tb_digi_safe'
INFO: [Vivado 12-5682] Launching behavioral simulation in 'C:/Users/admin/Desktop/Projekt/DE1_Uloha6/digi_safe/digi_safe.sim/sim_1/behav/xsim'
INFO: [SIM-utils-51] Simulation object is 'sim_1'
INFO: [SIM-utils-72] Using boost library from 'D:/AMDDesignTools/2025.2/Vivado/tps/boost_1_72_0'
INFO: [SIM-utils-54] Inspecting design source files for 'tb_digi_safe' in fileset 'sim_1'...
INFO: [USF-XSim-97] Finding global include files...
INFO: [USF-XSim-100] Fetching design files from 'sources_1'...(this may take a while)...
INFO: [USF-XSim-101] Fetching design files from 'sim_1'...
INFO: [USF-XSim-2] XSim::Compile design
INFO: [USF-XSim-61] Executing 'COMPILE and ANALYZE' step in 'C:/Users/admin/Desktop/Projekt/DE1_Uloha6/digi_safe/digi_safe.sim/sim_1/behav/xsim'
"xvhdl --incr --relax -prj tb_digi_safe_vhdl.prj"
INFO: [VRFC 10-163] Analyzing VHDL file "C:/Users/admin/Desktop/Projekt/DE1_Uloha6/digi_safe/digi_safe.srcs/sources_1/imports/DE1/segment/segment.srcs/sources_1/new/bin2seg.vhd" into library xil_defaultlib
INFO: [VRFC 10-3107] analyzing entity 'bin2seg'
INFO: [VRFC 10-163] Analyzing VHDL file "C:/Users/admin/Desktop/Projekt/DE1_Uloha6/digi_safe/digi_safe.srcs/sources_1/imports/new/clk_en.vhd" into library xil_defaultlib
INFO: [VRFC 10-3107] analyzing entity 'clk_en'
INFO: [VRFC 10-163] Analyzing VHDL file "C:/Users/admin/Desktop/Projekt/DE1_Uloha6/digi_safe/digi_safe.srcs/sources_1/imports/new/debounce.vhd" into library xil_defaultlib
INFO: [VRFC 10-3107] analyzing entity 'debounce'
INFO: [VRFC 10-163] Analyzing VHDL file "C:/Users/admin/Desktop/Projekt/DE1_Uloha6/digi_safe/digi_safe.srcs/sources_1/new/digit_editor.vhd" into library xil_defaultlib
INFO: [VRFC 10-3107] analyzing entity 'digit_editor'
INFO: [VRFC 10-163] Analyzing VHDL file "C:/Users/admin/Desktop/Projekt/DE1_Uloha6/digi_safe/digi_safe.srcs/sources_1/imports/DE1/display/display.srcs/sources_1/new/display_driver.vhd" into library xil_defaultlib
INFO: [VRFC 10-3107] analyzing entity 'display_driver'
INFO: [VRFC 10-163] Analyzing VHDL file "C:/Users/admin/Desktop/Projekt/DE1_Uloha6/digi_safe/digi_safe.srcs/sources_1/new/safe_control_logic.vhd" into library xil_defaultlib
INFO: [VRFC 10-3107] analyzing entity 'safe_control_logic'
INFO: [VRFC 10-163] Analyzing VHDL file "C:/Users/admin/Desktop/Projekt/DE1_Uloha6/digi_safe/digi_safe.srcs/sources_1/new/digi_safe.vhd" into library xil_defaultlib
INFO: [VRFC 10-3107] analyzing entity 'digi_safe'
INFO: [VRFC 10-163] Analyzing VHDL file "C:/Users/admin/Desktop/Projekt/DE1_Uloha6/digi_safe/digi_safe.srcs/sim_1/new/clk_en_tb.vhd" into library xil_defaultlib
INFO: [VRFC 10-3107] analyzing entity 'tb_clk_en'
INFO: [VRFC 10-163] Analyzing VHDL file "C:/Users/admin/Desktop/Projekt/DE1_Uloha6/digi_safe/digi_safe.srcs/sim_1/new/debounce_tb.vhd" into library xil_defaultlib
INFO: [VRFC 10-3107] analyzing entity 'tb_debounce'
INFO: [VRFC 10-163] Analyzing VHDL file "C:/Users/admin/Desktop/Projekt/DE1_Uloha6/digi_safe/digi_safe.srcs/sim_1/new/digi_safe_tb.vhd" into library xil_defaultlib
INFO: [VRFC 10-3107] analyzing entity 'tb_digi_safe'
INFO: [USF-XSim-69] 'compile' step finished in '2' seconds
INFO: [USF-XSim-3] XSim::Elaborate design
INFO: [USF-XSim-61] Executing 'ELABORATE' step in 'C:/Users/admin/Desktop/Projekt/DE1_Uloha6/digi_safe/digi_safe.sim/sim_1/behav/xsim'
"xelab --incr --debug typical --relax --mt 2 -L xil_defaultlib -L secureip --snapshot tb_digi_safe_behav xil_defaultlib.tb_digi_safe -log elaborate.log"
Vivado Simulator v2025.2
Copyright 1986-2022 Xilinx, Inc. All Rights Reserved.
Copyright 2022-2025 Advanced Micro Devices, Inc. All Rights Reserved.
Running: D:/AMDDesignTools/2025.2/Vivado/bin/unwrapped/win64.o/xelab.exe --incr --debug typical --relax --mt 2 -L xil_defaultlib -L secureip --snapshot tb_digi_safe_behav xil_defaultlib.tb_digi_safe -log elaborate.log 
Using 2 slave threads.
Starting static elaboration
Completed static elaboration
Starting simulation data flow analysis
Completed simulation data flow analysis
Time Resolution for simulation is 1ps
Compiling package std.standard
Compiling package std.textio
Compiling package ieee.std_logic_1164
Compiling package ieee.numeric_std
Compiling architecture behavioral of entity xil_defaultlib.clk_en [\clk_en(g_max=200000)\]
Compiling architecture behavioral of entity xil_defaultlib.debounce [debounce_default]
Compiling architecture behavioral of entity xil_defaultlib.digit_editor [digit_editor_default]
Compiling architecture behavioral of entity xil_defaultlib.safe_control_logic [safe_control_logic_default]
Compiling architecture behavioral of entity xil_defaultlib.clk_en [\clk_en(g_max=100000)\]
Compiling architecture behavioral of entity xil_defaultlib.display_driver [display_driver_default]
Compiling architecture structural of entity xil_defaultlib.digi_safe [digi_safe_default]
Compiling architecture tb of entity xil_defaultlib.tb_digi_safe
Built simulation snapshot tb_digi_safe_behav
INFO: [USF-XSim-69] 'elaborate' step finished in '3' seconds
INFO: [USF-XSim-4] XSim::Simulate design
INFO: [USF-XSim-61] Executing 'SIMULATE' step in 'C:/Users/admin/Desktop/Projekt/DE1_Uloha6/digi_safe/digi_safe.sim/sim_1/behav/xsim'
INFO: [USF-XSim-98] *** Running xsim
   with args "tb_digi_safe_behav -key {Behavioral:sim_1:Functional:tb_digi_safe} -tclbatch {tb_digi_safe.tcl} -log {simulate.log}"
INFO: [USF-XSim-8] Loading simulator feature
Time resolution is 1 ps
source tb_digi_safe.tcl
# set curr_wave [current_wave_config]
# if { [string length $curr_wave] == 0 } {
#   if { [llength [get_objects]] > 0} {
#     add_wave /
#     set_property needs_save false [current_wave_config]
#   } else {
#      send_msg_id Add_Wave-1 WARNING "No top level signals found. Simulator will start without a wave window. If you want to open a wave window go to 'File->New Waveform Configuration' or type 'create_wave_config' in the TCL console."
#   }
# }
# run 1000ns
INFO: [USF-XSim-96] XSim completed. Design snapshot 'tb_digi_safe_behav' loaded.
INFO: [USF-XSim-97] XSim simulation ran for 1000ns
launch_simulation: Time (s): cpu = 00:00:05 ; elapsed = 00:00:11 . Memory (MB): peak = 1686.188 ; gain = 0.000
WARNING: [filemgmt 56-199] Attempt to get parsing info during refresh. "On-the-fly" syntax checking information may be incorrect. [C:\Users\admin\Desktop\Projekt\DE1_Uloha6\digi_safe\digi_safe.srcs\sources_1\new\digi_safe.vhd:]
WARNING: [filemgmt 56-199] Attempt to get parsing info during refresh. "On-the-fly" syntax checking information may be incorrect. [C:\Users\admin\Desktop\Projekt\DE1_Uloha6\digi_safe\digi_safe.srcs\sources_1\new\digit_editor.vhd:]
WARNING: [filemgmt 56-199] Attempt to get parsing info during refresh. "On-the-fly" syntax checking information may be incorrect. [C:\Users\admin\Desktop\Projekt\DE1_Uloha6\digi_safe\digi_safe.srcs\sim_1\new\digi_safe_tb.vhd:]
WARNING: [filemgmt 56-199] Attempt to get parsing info during refresh. "On-the-fly" syntax checking information may be incorrect. [C:\Users\admin\Desktop\Projekt\DE1_Uloha6\digi_safe\digi_safe.srcs\sources_1\new\digit_editor.vhd:]
WARNING: [filemgmt 56-199] Attempt to get parsing info during refresh. "On-the-fly" syntax checking information may be incorrect. [C:\Users\admin\Desktop\Projekt\DE1_Uloha6\digi_safe\digi_safe.srcs\sources_1\new\digit_editor.vhd:]
WARNING: [filemgmt 56-199] Attempt to get parsing info during refresh. "On-the-fly" syntax checking information may be incorrect. [C:\Users\admin\Desktop\Projekt\DE1_Uloha6\digi_safe\digi_safe.srcs\sources_1\new\digi_safe.vhd:]
WARNING: [filemgmt 56-199] Attempt to get parsing info during refresh. "On-the-fly" syntax checking information may be incorrect. [C:\Users\admin\Desktop\Projekt\DE1_Uloha6\digi_safe\digi_safe.srcs\sources_1\new\digit_editor.vhd:]
WARNING: [filemgmt 56-199] Attempt to get parsing info during refresh. "On-the-fly" syntax checking information may be incorrect. [C:\Users\admin\Desktop\Projekt\DE1_Uloha6\digi_safe\digi_safe.srcs\sim_1\new\digi_safe_tb.vhd:]
WARNING: [filemgmt 56-199] Attempt to get parsing info during refresh. "On-the-fly" syntax checking information may be incorrect. [C:\Users\admin\Desktop\Projekt\DE1_Uloha6\digi_safe\digi_safe.srcs\sim_1\new\digi_safe_tb.vhd:]
WARNING: [filemgmt 56-199] Attempt to get parsing info during refresh. "On-the-fly" syntax checking information may be incorrect. [C:\Users\admin\Desktop\Projekt\DE1_Uloha6\digi_safe\digi_safe.srcs\sim_1\new\digi_safe_tb.vhd:]
ERROR: [Common 17-180] Spawn failed: The operation completed successfully.

relaunch_sim
Command: launch_simulation -step compile -simset sim_1 -mode behavioral
INFO: [Vivado 12-25911] Executing simulation for 'XSim' simulator
INFO: [Vivado 12-28535] Process started - Mon May  4 22:28:37 2026

INFO: [Vivado 12-12493] Simulation top is 'tb_digi_safe'
INFO: [Vivado 12-5682] Launching behavioral simulation in 'C:/Users/admin/Desktop/Projekt/DE1_Uloha6/digi_safe/digi_safe.sim/sim_1/behav/xsim'
INFO: [SIM-utils-51] Simulation object is 'sim_1'
INFO: [SIM-utils-72] Using boost library from 'D:/AMDDesignTools/2025.2/Vivado/tps/boost_1_72_0'
INFO: [SIM-utils-54] Inspecting design source files for 'tb_digi_safe' in fileset 'sim_1'...
INFO: [USF-XSim-97] Finding global include files...
INFO: [USF-XSim-100] Fetching design files from 'sources_1'...(this may take a while)...
INFO: [USF-XSim-101] Fetching design files from 'sim_1'...
INFO: [USF-XSim-2] XSim::Compile design
INFO: [USF-XSim-61] Executing 'COMPILE and ANALYZE' step in 'C:/Users/admin/Desktop/Projekt/DE1_Uloha6/digi_safe/digi_safe.sim/sim_1/behav/xsim'
"xvhdl --incr --relax -prj tb_digi_safe_vhdl.prj"
INFO: [VRFC 10-163] Analyzing VHDL file "C:/Users/admin/Desktop/Projekt/DE1_Uloha6/digi_safe/digi_safe.srcs/sources_1/new/digi_safe.vhd" into library xil_defaultlib
INFO: [VRFC 10-3107] analyzing entity 'digi_safe'
INFO: [USF-XSim-69] 'compile' step finished in '2' seconds
Command: launch_simulation -step elaborate -simset sim_1 -mode behavioral
INFO: [Vivado 12-25911] Executing simulation for 'XSim' simulator
INFO: [Vivado 12-28535] Process started - Mon May  4 22:28:39 2026

INFO: [Vivado 12-12493] Simulation top is 'tb_digi_safe'
INFO: [Vivado 12-5682] Launching behavioral simulation in 'C:/Users/admin/Desktop/Projekt/DE1_Uloha6/digi_safe/digi_safe.sim/sim_1/behav/xsim'
INFO: [SIM-utils-51] Simulation object is 'sim_1'
INFO: [USF-XSim-3] XSim::Elaborate design
INFO: [USF-XSim-61] Executing 'ELABORATE' step in 'C:/Users/admin/Desktop/Projekt/DE1_Uloha6/digi_safe/digi_safe.sim/sim_1/behav/xsim'
"xelab --incr --debug typical --relax --mt 2 -L xil_defaultlib -L secureip --snapshot tb_digi_safe_behav xil_defaultlib.tb_digi_safe -log elaborate.log"
Vivado Simulator v2025.2
Copyright 1986-2022 Xilinx, Inc. All Rights Reserved.
Copyright 2022-2025 Advanced Micro Devices, Inc. All Rights Reserved.
Running: D:/AMDDesignTools/2025.2/Vivado/bin/unwrapped/win64.o/xelab.exe --incr --debug typical --relax --mt 2 -L xil_defaultlib -L secureip --snapshot tb_digi_safe_behav xil_defaultlib.tb_digi_safe -log elaborate.log 
Using 2 slave threads.
Starting static elaboration
Completed static elaboration
Starting simulation data flow analysis
Completed simulation data flow analysis
Time Resolution for simulation is 1ps
Compiling package std.standard
Compiling package std.textio
Compiling package ieee.std_logic_1164
Compiling package ieee.numeric_std
Compiling architecture behavioral of entity xil_defaultlib.clk_en [\clk_en(g_max=200000)\]
Compiling architecture behavioral of entity xil_defaultlib.debounce [debounce_default]
Compiling architecture behavioral of entity xil_defaultlib.digit_editor [digit_editor_default]
Compiling architecture behavioral of entity xil_defaultlib.safe_control_logic [safe_control_logic_default]
Compiling architecture behavioral of entity xil_defaultlib.clk_en [\clk_en(g_max=2)\]
Compiling architecture behavioral of entity xil_defaultlib.display_driver [display_driver_default]
Compiling architecture structural of entity xil_defaultlib.digi_safe [digi_safe_default]
Compiling architecture tb of entity xil_defaultlib.tb_digi_safe
Built simulation snapshot tb_digi_safe_behav
INFO: [USF-XSim-69] 'elaborate' step finished in '2' seconds
Time resolution is 1 ps
relaunch_sim: Time (s): cpu = 00:00:02 ; elapsed = 00:00:07 . Memory (MB): peak = 1686.188 ; gain = 0.000
current_wave_config {Untitled 1}
Untitled 1
add_wave {{/tb_digi_safe/dut/digit_editor_0/s_code}} 
current_wave_config {Untitled 1}
Untitled 1
add_wave {{/tb_digi_safe/dut/digit_editor_0/s_pos}} 
current_wave_config {Untitled 1}
Untitled 1
add_wave {{/tb_digi_safe/dut/safe_control_logic_0/secret_code}} 
relaunch_sim
Command: launch_simulation -step compile -simset sim_1 -mode behavioral
INFO: [Vivado 12-25911] Executing simulation for 'XSim' simulator
INFO: [Vivado 12-28535] Process started - Mon May  4 22:30:25 2026

INFO: [Vivado 12-12493] Simulation top is 'tb_digi_safe'
INFO: [Vivado 12-5682] Launching behavioral simulation in 'C:/Users/admin/Desktop/Projekt/DE1_Uloha6/digi_safe/digi_safe.sim/sim_1/behav/xsim'
INFO: [SIM-utils-51] Simulation object is 'sim_1'
INFO: [USF-XSim-2] XSim::Compile design
INFO: [USF-XSim-61] Executing 'COMPILE and ANALYZE' step in 'C:/Users/admin/Desktop/Projekt/DE1_Uloha6/digi_safe/digi_safe.sim/sim_1/behav/xsim'
"xvhdl --incr --relax -prj tb_digi_safe_vhdl.prj"
INFO: [USF-XSim-69] 'compile' step finished in '1' seconds
Command: launch_simulation -step elaborate -simset sim_1 -mode behavioral
INFO: [Vivado 12-25911] Executing simulation for 'XSim' simulator
INFO: [Vivado 12-28535] Process started - Mon May  4 22:30:26 2026

INFO: [Vivado 12-12493] Simulation top is 'tb_digi_safe'
INFO: [Vivado 12-5682] Launching behavioral simulation in 'C:/Users/admin/Desktop/Projekt/DE1_Uloha6/digi_safe/digi_safe.sim/sim_1/behav/xsim'
INFO: [SIM-utils-51] Simulation object is 'sim_1'
INFO: [USF-XSim-3] XSim::Elaborate design
INFO: [USF-XSim-61] Executing 'ELABORATE' step in 'C:/Users/admin/Desktop/Projekt/DE1_Uloha6/digi_safe/digi_safe.sim/sim_1/behav/xsim'
"xelab --incr --debug typical --relax --mt 2 -L xil_defaultlib -L secureip --snapshot tb_digi_safe_behav xil_defaultlib.tb_digi_safe -log elaborate.log"
Vivado Simulator v2025.2
Copyright 1986-2022 Xilinx, Inc. All Rights Reserved.
Copyright 2022-2025 Advanced Micro Devices, Inc. All Rights Reserved.
Running: D:/AMDDesignTools/2025.2/Vivado/bin/unwrapped/win64.o/xelab.exe --incr --debug typical --relax --mt 2 -L xil_defaultlib -L secureip --snapshot tb_digi_safe_behav xil_defaultlib.tb_digi_safe -log elaborate.log 
Using 2 slave threads.
Starting static elaboration
Completed static elaboration
INFO: [XSIM 43-4323] No Change in HDL. Linking previously generated obj files to create kernel
INFO: [USF-XSim-69] 'elaborate' step finished in '2' seconds
Time resolution is 1 ps
relaunch_sim: Time (s): cpu = 00:00:02 ; elapsed = 00:00:06 . Memory (MB): peak = 2131.965 ; gain = 0.000
WARNING: [filemgmt 56-199] Attempt to get parsing info during refresh. "On-the-fly" syntax checking information may be incorrect. [C:\Users\admin\Desktop\Projekt\DE1_Uloha6\digi_safe\digi_safe.srcs\sources_1\new\digi_safe.vhd:]
WARNING: [filemgmt 56-199] Attempt to get parsing info during refresh. "On-the-fly" syntax checking information may be incorrect. [C:\Users\admin\Desktop\Projekt\DE1_Uloha6\digi_safe\digi_safe.srcs\sources_1\new\digit_editor.vhd:]
WARNING: [filemgmt 56-199] Attempt to get parsing info during refresh. "On-the-fly" syntax checking information may be incorrect. [C:\Users\admin\Desktop\Projekt\DE1_Uloha6\digi_safe\digi_safe.srcs\sources_1\imports\new\debounce.vhd:]
WARNING: [filemgmt 56-199] Attempt to get parsing info during refresh. "On-the-fly" syntax checking information may be incorrect. [C:\Users\admin\Desktop\Projekt\DE1_Uloha6\digi_safe\digi_safe.srcs\sim_1\new\digi_safe_tb.vhd:]
WARNING: [filemgmt 56-199] Attempt to get parsing info during refresh. "On-the-fly" syntax checking information may be incorrect. [C:\Users\admin\Desktop\Projekt\DE1_Uloha6\digi_safe\digi_safe.srcs\sources_1\new\digi_safe.vhd:]
WARNING: [filemgmt 56-199] Attempt to get parsing info during refresh. "On-the-fly" syntax checking information may be incorrect. [C:\Users\admin\Desktop\Projekt\DE1_Uloha6\digi_safe\digi_safe.srcs\sources_1\new\digi_safe.vhd:]
WARNING: [filemgmt 56-199] Attempt to get parsing info during refresh. "On-the-fly" syntax checking information may be incorrect. [C:\Users\admin\Desktop\Projekt\DE1_Uloha6\digi_safe\digi_safe.srcs\sources_1\new\digi_safe.vhd:]
WARNING: [filemgmt 56-199] Attempt to get parsing info during refresh. "On-the-fly" syntax checking information may be incorrect. [C:\Users\admin\Desktop\Projekt\DE1_Uloha6\digi_safe\digi_safe.srcs\sources_1\new\digit_editor.vhd:]
WARNING: [filemgmt 56-199] Attempt to get parsing info during refresh. "On-the-fly" syntax checking information may be incorrect. [C:\Users\admin\Desktop\Projekt\DE1_Uloha6\digi_safe\digi_safe.srcs\sources_1\imports\new\debounce.vhd:]
WARNING: [filemgmt 56-199] Attempt to get parsing info during refresh. "On-the-fly" syntax checking information may be incorrect. [C:\Users\admin\Desktop\Projekt\DE1_Uloha6\digi_safe\digi_safe.srcs\sim_1\new\digi_safe_tb.vhd:]
WARNING: [filemgmt 56-199] Attempt to get parsing info during refresh. "On-the-fly" syntax checking information may be incorrect. [C:\Users\admin\Desktop\Projekt\DE1_Uloha6\digi_safe\digi_safe.srcs\sources_1\new\digit_editor.vhd:]
WARNING: [filemgmt 56-199] Attempt to get parsing info during refresh. "On-the-fly" syntax checking information may be incorrect. [C:\Users\admin\Desktop\Projekt\DE1_Uloha6\digi_safe\digi_safe.srcs\sources_1\new\digit_editor.vhd:]
ERROR: [Common 17-180] Spawn failed: The operation completed successfully.

WARNING: [filemgmt 56-199] Attempt to get parsing info during refresh. "On-the-fly" syntax checking information may be incorrect. [C:\Users\admin\Desktop\Projekt\DE1_Uloha6\digi_safe\digi_safe.srcs\sources_1\new\digi_safe.vhd:]
WARNING: [filemgmt 56-199] Attempt to get parsing info during refresh. "On-the-fly" syntax checking information may be incorrect. [C:\Users\admin\Desktop\Projekt\DE1_Uloha6\digi_safe\digi_safe.srcs\sources_1\new\digit_editor.vhd:]
WARNING: [filemgmt 56-199] Attempt to get parsing info during refresh. "On-the-fly" syntax checking information may be incorrect. [C:\Users\admin\Desktop\Projekt\DE1_Uloha6\digi_safe\digi_safe.srcs\sources_1\imports\new\debounce.vhd:]
WARNING: [filemgmt 56-199] Attempt to get parsing info during refresh. "On-the-fly" syntax checking information may be incorrect. [C:\Users\admin\Desktop\Projekt\DE1_Uloha6\digi_safe\digi_safe.srcs\sim_1\new\digi_safe_tb.vhd:]
WARNING: [filemgmt 56-199] Attempt to get parsing info during refresh. "On-the-fly" syntax checking information may be incorrect. [C:\Users\admin\Desktop\Projekt\DE1_Uloha6\digi_safe\digi_safe.srcs\sim_1\new\digi_safe_tb.vhd:]
WARNING: [filemgmt 56-199] Attempt to get parsing info during refresh. "On-the-fly" syntax checking information may be incorrect. [C:\Users\admin\Desktop\Projekt\DE1_Uloha6\digi_safe\digi_safe.srcs\sim_1\new\digi_safe_tb.vhd:]
relaunch_sim
Command: launch_simulation -step compile -simset sim_1 -mode behavioral
INFO: [Vivado 12-25911] Executing simulation for 'XSim' simulator
INFO: [Vivado 12-28535] Process started - Mon May  4 22:33:52 2026

INFO: [Vivado 12-12493] Simulation top is 'tb_digi_safe'
INFO: [Vivado 12-5682] Launching behavioral simulation in 'C:/Users/admin/Desktop/Projekt/DE1_Uloha6/digi_safe/digi_safe.sim/sim_1/behav/xsim'
INFO: [SIM-utils-51] Simulation object is 'sim_1'
INFO: [USF-XSim-2] XSim::Compile design
INFO: [USF-XSim-61] Executing 'COMPILE and ANALYZE' step in 'C:/Users/admin/Desktop/Projekt/DE1_Uloha6/digi_safe/digi_safe.sim/sim_1/behav/xsim'
"xvhdl --incr --relax -prj tb_digi_safe_vhdl.prj"
INFO: [VRFC 10-163] Analyzing VHDL file "C:/Users/admin/Desktop/Projekt/DE1_Uloha6/digi_safe/digi_safe.srcs/sources_1/imports/new/debounce.vhd" into library xil_defaultlib
INFO: [VRFC 10-3107] analyzing entity 'debounce'
INFO: [USF-XSim-69] 'compile' step finished in '2' seconds
Command: launch_simulation -step elaborate -simset sim_1 -mode behavioral
INFO: [Vivado 12-25911] Executing simulation for 'XSim' simulator
INFO: [Vivado 12-28535] Process started - Mon May  4 22:33:54 2026

INFO: [Vivado 12-12493] Simulation top is 'tb_digi_safe'
INFO: [Vivado 12-5682] Launching behavioral simulation in 'C:/Users/admin/Desktop/Projekt/DE1_Uloha6/digi_safe/digi_safe.sim/sim_1/behav/xsim'
INFO: [SIM-utils-51] Simulation object is 'sim_1'
INFO: [USF-XSim-3] XSim::Elaborate design
INFO: [USF-XSim-61] Executing 'ELABORATE' step in 'C:/Users/admin/Desktop/Projekt/DE1_Uloha6/digi_safe/digi_safe.sim/sim_1/behav/xsim'
"xelab --incr --debug typical --relax --mt 2 -L xil_defaultlib -L secureip --snapshot tb_digi_safe_behav xil_defaultlib.tb_digi_safe -log elaborate.log"
Vivado Simulator v2025.2
Copyright 1986-2022 Xilinx, Inc. All Rights Reserved.
Copyright 2022-2025 Advanced Micro Devices, Inc. All Rights Reserved.
Running: D:/AMDDesignTools/2025.2/Vivado/bin/unwrapped/win64.o/xelab.exe --incr --debug typical --relax --mt 2 -L xil_defaultlib -L secureip --snapshot tb_digi_safe_behav xil_defaultlib.tb_digi_safe -log elaborate.log 
Using 2 slave threads.
Starting static elaboration
Completed static elaboration
Starting simulation data flow analysis
Completed simulation data flow analysis
Time Resolution for simulation is 1ps
Compiling package std.standard
Compiling package std.textio
Compiling package ieee.std_logic_1164
Compiling package ieee.numeric_std
Compiling architecture behavioral of entity xil_defaultlib.clk_en [\clk_en(g_max=2)\]
Compiling architecture behavioral of entity xil_defaultlib.debounce [debounce_default]
Compiling architecture behavioral of entity xil_defaultlib.digit_editor [digit_editor_default]
Compiling architecture behavioral of entity xil_defaultlib.safe_control_logic [safe_control_logic_default]
Compiling architecture behavioral of entity xil_defaultlib.display_driver [display_driver_default]
Compiling architecture structural of entity xil_defaultlib.digi_safe [digi_safe_default]
Compiling architecture tb of entity xil_defaultlib.tb_digi_safe
Built simulation snapshot tb_digi_safe_behav
INFO: [USF-XSim-69] 'elaborate' step finished in '2' seconds
Time resolution is 1 ps
relaunch_sim: Time (s): cpu = 00:00:01 ; elapsed = 00:00:06 . Memory (MB): peak = 2131.965 ; gain = 0.000
WARNING: [filemgmt 56-199] Attempt to get parsing info during refresh. "On-the-fly" syntax checking information may be incorrect. [C:\Users\admin\Desktop\Projekt\DE1_Uloha6\digi_safe\digi_safe.srcs\sources_1\new\digi_safe.vhd:]
WARNING: [filemgmt 56-199] Attempt to get parsing info during refresh. "On-the-fly" syntax checking information may be incorrect. [C:\Users\admin\Desktop\Projekt\DE1_Uloha6\digi_safe\digi_safe.srcs\sources_1\new\digit_editor.vhd:]
WARNING: [filemgmt 56-199] Attempt to get parsing info during refresh. "On-the-fly" syntax checking information may be incorrect. [C:\Users\admin\Desktop\Projekt\DE1_Uloha6\digi_safe\digi_safe.srcs\sources_1\imports\new\debounce.vhd:]
WARNING: [filemgmt 56-199] Attempt to get parsing info during refresh. "On-the-fly" syntax checking information may be incorrect. [C:\Users\admin\Desktop\Projekt\DE1_Uloha6\digi_safe\digi_safe.srcs\sim_1\new\digi_safe_tb.vhd:]
WARNING: [filemgmt 56-199] Attempt to get parsing info during refresh. "On-the-fly" syntax checking information may be incorrect. [C:\Users\admin\Desktop\Projekt\DE1_Uloha6\digi_safe\digi_safe.srcs\sources_1\new\digit_editor.vhd:]
WARNING: [filemgmt 56-199] Attempt to get parsing info during refresh. "On-the-fly" syntax checking information may be incorrect. [C:\Users\admin\Desktop\Projekt\DE1_Uloha6\digi_safe\digi_safe.srcs\sources_1\new\digit_editor.vhd:]
WARNING: [filemgmt 56-199] Attempt to get parsing info during refresh. "On-the-fly" syntax checking information may be incorrect. [C:\Users\admin\Desktop\Projekt\DE1_Uloha6\digi_safe\digi_safe.srcs\sources_1\new\digi_safe.vhd:]
WARNING: [filemgmt 56-199] Attempt to get parsing info during refresh. "On-the-fly" syntax checking information may be incorrect. [C:\Users\admin\Desktop\Projekt\DE1_Uloha6\digi_safe\digi_safe.srcs\sources_1\new\digit_editor.vhd:]
WARNING: [filemgmt 56-199] Attempt to get parsing info during refresh. "On-the-fly" syntax checking information may be incorrect. [C:\Users\admin\Desktop\Projekt\DE1_Uloha6\digi_safe\digi_safe.srcs\sources_1\imports\new\debounce.vhd:]
WARNING: [filemgmt 56-199] Attempt to get parsing info during refresh. "On-the-fly" syntax checking information may be incorrect. [C:\Users\admin\Desktop\Projekt\DE1_Uloha6\digi_safe\digi_safe.srcs\sim_1\new\digi_safe_tb.vhd:]
WARNING: [filemgmt 56-199] Attempt to get parsing info during refresh. "On-the-fly" syntax checking information may be incorrect. [C:\Users\admin\Desktop\Projekt\DE1_Uloha6\digi_safe\digi_safe.srcs\sources_1\imports\new\debounce.vhd:]
WARNING: [filemgmt 56-199] Attempt to get parsing info during refresh. "On-the-fly" syntax checking information may be incorrect. [C:\Users\admin\Desktop\Projekt\DE1_Uloha6\digi_safe\digi_safe.srcs\sources_1\imports\new\debounce.vhd:]
WARNING: [filemgmt 56-199] Attempt to get parsing info during refresh. "On-the-fly" syntax checking information may be incorrect. [C:\Users\admin\Desktop\Projekt\DE1_Uloha6\digi_safe\digi_safe.srcs\sources_1\new\digi_safe.vhd:]
WARNING: [filemgmt 56-199] Attempt to get parsing info during refresh. "On-the-fly" syntax checking information may be incorrect. [C:\Users\admin\Desktop\Projekt\DE1_Uloha6\digi_safe\digi_safe.srcs\sources_1\new\digit_editor.vhd:]
WARNING: [filemgmt 56-199] Attempt to get parsing info during refresh. "On-the-fly" syntax checking information may be incorrect. [C:\Users\admin\Desktop\Projekt\DE1_Uloha6\digi_safe\digi_safe.srcs\sources_1\imports\new\debounce.vhd:]
WARNING: [filemgmt 56-199] Attempt to get parsing info during refresh. "On-the-fly" syntax checking information may be incorrect. [C:\Users\admin\Desktop\Projekt\DE1_Uloha6\digi_safe\digi_safe.srcs\sim_1\new\digi_safe_tb.vhd:]
WARNING: [filemgmt 56-199] Attempt to get parsing info during refresh. "On-the-fly" syntax checking information may be incorrect. [C:\Users\admin\Desktop\Projekt\DE1_Uloha6\digi_safe\digi_safe.srcs\sim_1\new\digi_safe_tb.vhd:]
WARNING: [filemgmt 56-199] Attempt to get parsing info during refresh. "On-the-fly" syntax checking information may be incorrect. [C:\Users\admin\Desktop\Projekt\DE1_Uloha6\digi_safe\digi_safe.srcs\sim_1\new\digi_safe_tb.vhd:]
relaunch_sim
Command: launch_simulation -step compile -simset sim_1 -mode behavioral
INFO: [Vivado 12-25911] Executing simulation for 'XSim' simulator
INFO: [Vivado 12-28535] Process started - Mon May  4 22:34:41 2026

INFO: [Vivado 12-12493] Simulation top is 'tb_digi_safe'
INFO: [Vivado 12-5682] Launching behavioral simulation in 'C:/Users/admin/Desktop/Projekt/DE1_Uloha6/digi_safe/digi_safe.sim/sim_1/behav/xsim'
INFO: [SIM-utils-51] Simulation object is 'sim_1'
INFO: [USF-XSim-2] XSim::Compile design
INFO: [USF-XSim-61] Executing 'COMPILE and ANALYZE' step in 'C:/Users/admin/Desktop/Projekt/DE1_Uloha6/digi_safe/digi_safe.sim/sim_1/behav/xsim'
"xvhdl --incr --relax -prj tb_digi_safe_vhdl.prj"
INFO: [VRFC 10-163] Analyzing VHDL file "C:/Users/admin/Desktop/Projekt/DE1_Uloha6/digi_safe/digi_safe.srcs/sources_1/new/digit_editor.vhd" into library xil_defaultlib
INFO: [VRFC 10-3107] analyzing entity 'digit_editor'
INFO: [USF-XSim-69] 'compile' step finished in '2' seconds
Command: launch_simulation -step elaborate -simset sim_1 -mode behavioral
INFO: [Vivado 12-25911] Executing simulation for 'XSim' simulator
INFO: [Vivado 12-28535] Process started - Mon May  4 22:34:43 2026

INFO: [Vivado 12-12493] Simulation top is 'tb_digi_safe'
INFO: [Vivado 12-5682] Launching behavioral simulation in 'C:/Users/admin/Desktop/Projekt/DE1_Uloha6/digi_safe/digi_safe.sim/sim_1/behav/xsim'
INFO: [SIM-utils-51] Simulation object is 'sim_1'
INFO: [USF-XSim-3] XSim::Elaborate design
INFO: [USF-XSim-61] Executing 'ELABORATE' step in 'C:/Users/admin/Desktop/Projekt/DE1_Uloha6/digi_safe/digi_safe.sim/sim_1/behav/xsim'
"xelab --incr --debug typical --relax --mt 2 -L xil_defaultlib -L secureip --snapshot tb_digi_safe_behav xil_defaultlib.tb_digi_safe -log elaborate.log"
Vivado Simulator v2025.2
Copyright 1986-2022 Xilinx, Inc. All Rights Reserved.
Copyright 2022-2025 Advanced Micro Devices, Inc. All Rights Reserved.
Running: D:/AMDDesignTools/2025.2/Vivado/bin/unwrapped/win64.o/xelab.exe --incr --debug typical --relax --mt 2 -L xil_defaultlib -L secureip --snapshot tb_digi_safe_behav xil_defaultlib.tb_digi_safe -log elaborate.log 
Using 2 slave threads.
Starting static elaboration
Completed static elaboration
Starting simulation data flow analysis
Completed simulation data flow analysis
Time Resolution for simulation is 1ps
Compiling package std.standard
Compiling package std.textio
Compiling package ieee.std_logic_1164
Compiling package ieee.numeric_std
Compiling architecture behavioral of entity xil_defaultlib.clk_en [\clk_en(g_max=2)\]
Compiling architecture behavioral of entity xil_defaultlib.debounce [debounce_default]
Compiling architecture behavioral of entity xil_defaultlib.digit_editor [digit_editor_default]
Compiling architecture behavioral of entity xil_defaultlib.safe_control_logic [safe_control_logic_default]
Compiling architecture behavioral of entity xil_defaultlib.display_driver [display_driver_default]
Compiling architecture structural of entity xil_defaultlib.digi_safe [digi_safe_default]
Compiling architecture tb of entity xil_defaultlib.tb_digi_safe
Built simulation snapshot tb_digi_safe_behav
INFO: [USF-XSim-69] 'elaborate' step finished in '2' seconds
Time resolution is 1 ps
relaunch_sim: Time (s): cpu = 00:00:01 ; elapsed = 00:00:06 . Memory (MB): peak = 2131.965 ; gain = 0.000
current_wave_config {Untitled 1}
Untitled 1
add_wave {{/tb_digi_safe/dut/led_green}} 
current_wave_config {Untitled 1}
Untitled 1
add_wave {{/tb_digi_safe/dut/led_red}} 
relaunch_sim
Command: launch_simulation -step compile -simset sim_1 -mode behavioral
INFO: [Vivado 12-25911] Executing simulation for 'XSim' simulator
INFO: [Vivado 12-28535] Process started - Mon May  4 22:36:59 2026

INFO: [Vivado 12-12493] Simulation top is 'tb_digi_safe'
INFO: [Vivado 12-5682] Launching behavioral simulation in 'C:/Users/admin/Desktop/Projekt/DE1_Uloha6/digi_safe/digi_safe.sim/sim_1/behav/xsim'
INFO: [SIM-utils-51] Simulation object is 'sim_1'
INFO: [USF-XSim-2] XSim::Compile design
INFO: [USF-XSim-61] Executing 'COMPILE and ANALYZE' step in 'C:/Users/admin/Desktop/Projekt/DE1_Uloha6/digi_safe/digi_safe.sim/sim_1/behav/xsim'
"xvhdl --incr --relax -prj tb_digi_safe_vhdl.prj"
INFO: [USF-XSim-69] 'compile' step finished in '1' seconds
Command: launch_simulation -step elaborate -simset sim_1 -mode behavioral
INFO: [Vivado 12-25911] Executing simulation for 'XSim' simulator
INFO: [Vivado 12-28535] Process started - Mon May  4 22:37:00 2026

INFO: [Vivado 12-12493] Simulation top is 'tb_digi_safe'
INFO: [Vivado 12-5682] Launching behavioral simulation in 'C:/Users/admin/Desktop/Projekt/DE1_Uloha6/digi_safe/digi_safe.sim/sim_1/behav/xsim'
INFO: [SIM-utils-51] Simulation object is 'sim_1'
INFO: [USF-XSim-3] XSim::Elaborate design
INFO: [USF-XSim-61] Executing 'ELABORATE' step in 'C:/Users/admin/Desktop/Projekt/DE1_Uloha6/digi_safe/digi_safe.sim/sim_1/behav/xsim'
"xelab --incr --debug typical --relax --mt 2 -L xil_defaultlib -L secureip --snapshot tb_digi_safe_behav xil_defaultlib.tb_digi_safe -log elaborate.log"
Vivado Simulator v2025.2
Copyright 1986-2022 Xilinx, Inc. All Rights Reserved.
Copyright 2022-2025 Advanced Micro Devices, Inc. All Rights Reserved.
Running: D:/AMDDesignTools/2025.2/Vivado/bin/unwrapped/win64.o/xelab.exe --incr --debug typical --relax --mt 2 -L xil_defaultlib -L secureip --snapshot tb_digi_safe_behav xil_defaultlib.tb_digi_safe -log elaborate.log 
Using 2 slave threads.
Starting static elaboration
Completed static elaboration
INFO: [XSIM 43-4323] No Change in HDL. Linking previously generated obj files to create kernel
INFO: [USF-XSim-69] 'elaborate' step finished in '1' seconds
Time resolution is 1 ps
relaunch_sim: Time (s): cpu = 00:00:01 ; elapsed = 00:00:06 . Memory (MB): peak = 3339.594 ; gain = 0.859
run 10 us
run all
relaunch_sim
Command: launch_simulation -step compile -simset sim_1 -mode behavioral
INFO: [Vivado 12-25911] Executing simulation for 'XSim' simulator
INFO: [Vivado 12-28535] Process started - Mon May  4 22:37:38 2026

INFO: [Vivado 12-12493] Simulation top is 'tb_digi_safe'
INFO: [Vivado 12-5682] Launching behavioral simulation in 'C:/Users/admin/Desktop/Projekt/DE1_Uloha6/digi_safe/digi_safe.sim/sim_1/behav/xsim'
INFO: [SIM-utils-51] Simulation object is 'sim_1'
INFO: [USF-XSim-2] XSim::Compile design
INFO: [USF-XSim-61] Executing 'COMPILE and ANALYZE' step in 'C:/Users/admin/Desktop/Projekt/DE1_Uloha6/digi_safe/digi_safe.sim/sim_1/behav/xsim'
"xvhdl --incr --relax -prj tb_digi_safe_vhdl.prj"
INFO: [USF-XSim-69] 'compile' step finished in '2' seconds
Command: launch_simulation -step elaborate -simset sim_1 -mode behavioral
INFO: [Vivado 12-25911] Executing simulation for 'XSim' simulator
INFO: [Vivado 12-28535] Process started - Mon May  4 22:37:40 2026

INFO: [Vivado 12-12493] Simulation top is 'tb_digi_safe'
INFO: [Vivado 12-5682] Launching behavioral simulation in 'C:/Users/admin/Desktop/Projekt/DE1_Uloha6/digi_safe/digi_safe.sim/sim_1/behav/xsim'
INFO: [SIM-utils-51] Simulation object is 'sim_1'
INFO: [USF-XSim-3] XSim::Elaborate design
INFO: [USF-XSim-61] Executing 'ELABORATE' step in 'C:/Users/admin/Desktop/Projekt/DE1_Uloha6/digi_safe/digi_safe.sim/sim_1/behav/xsim'
"xelab --incr --debug typical --relax --mt 2 -L xil_defaultlib -L secureip --snapshot tb_digi_safe_behav xil_defaultlib.tb_digi_safe -log elaborate.log"
Vivado Simulator v2025.2
Copyright 1986-2022 Xilinx, Inc. All Rights Reserved.
Copyright 2022-2025 Advanced Micro Devices, Inc. All Rights Reserved.
Running: D:/AMDDesignTools/2025.2/Vivado/bin/unwrapped/win64.o/xelab.exe --incr --debug typical --relax --mt 2 -L xil_defaultlib -L secureip --snapshot tb_digi_safe_behav xil_defaultlib.tb_digi_safe -log elaborate.log 
Using 2 slave threads.
Starting static elaboration
Completed static elaboration
INFO: [XSIM 43-4323] No Change in HDL. Linking previously generated obj files to create kernel
INFO: [USF-XSim-69] 'elaborate' step finished in '2' seconds
Time resolution is 1 ps
relaunch_sim: Time (s): cpu = 00:00:00 ; elapsed = 00:00:06 . Memory (MB): peak = 3339.594 ; gain = 0.000
WARNING: [filemgmt 56-199] Attempt to get parsing info during refresh. "On-the-fly" syntax checking information may be incorrect. [C:\Users\admin\Desktop\Projekt\DE1_Uloha6\digi_safe\digi_safe.srcs\sources_1\new\digi_safe.vhd:]
WARNING: [filemgmt 56-199] Attempt to get parsing info during refresh. "On-the-fly" syntax checking information may be incorrect. [C:\Users\admin\Desktop\Projekt\DE1_Uloha6\digi_safe\digi_safe.srcs\sources_1\new\digit_editor.vhd:]
WARNING: [filemgmt 56-199] Attempt to get parsing info during refresh. "On-the-fly" syntax checking information may be incorrect. [C:\Users\admin\Desktop\Projekt\DE1_Uloha6\digi_safe\digi_safe.srcs\sources_1\imports\new\debounce.vhd:]
WARNING: [filemgmt 56-199] Attempt to get parsing info during refresh. "On-the-fly" syntax checking information may be incorrect. [C:\Users\admin\Desktop\Projekt\DE1_Uloha6\digi_safe\digi_safe.srcs\sim_1\new\digi_safe_tb.vhd:]
WARNING: [filemgmt 56-199] Attempt to get parsing info during refresh. "On-the-fly" syntax checking information may be incorrect. [C:\Users\admin\Desktop\Projekt\DE1_Uloha6\digi_safe\digi_safe.srcs\sim_1\new\digi_safe_tb.vhd:]
WARNING: [filemgmt 56-199] Attempt to get parsing info during refresh. "On-the-fly" syntax checking information may be incorrect. [C:\Users\admin\Desktop\Projekt\DE1_Uloha6\digi_safe\digi_safe.srcs\sim_1\new\digi_safe_tb.vhd:]
relaunch_sim
Command: launch_simulation -step compile -simset sim_1 -mode behavioral
INFO: [Vivado 12-25911] Executing simulation for 'XSim' simulator
INFO: [Vivado 12-28535] Process started - Mon May  4 22:38:32 2026

INFO: [Vivado 12-12493] Simulation top is 'tb_digi_safe'
INFO: [Vivado 12-5682] Launching behavioral simulation in 'C:/Users/admin/Desktop/Projekt/DE1_Uloha6/digi_safe/digi_safe.sim/sim_1/behav/xsim'
INFO: [SIM-utils-51] Simulation object is 'sim_1'
INFO: [USF-XSim-2] XSim::Compile design
INFO: [USF-XSim-61] Executing 'COMPILE and ANALYZE' step in 'C:/Users/admin/Desktop/Projekt/DE1_Uloha6/digi_safe/digi_safe.sim/sim_1/behav/xsim'
"xvhdl --incr --relax -prj tb_digi_safe_vhdl.prj"
INFO: [VRFC 10-163] Analyzing VHDL file "C:/Users/admin/Desktop/Projekt/DE1_Uloha6/digi_safe/digi_safe.srcs/sim_1/new/digi_safe_tb.vhd" into library xil_defaultlib
INFO: [VRFC 10-3107] analyzing entity 'tb_digi_safe'
INFO: [USF-XSim-69] 'compile' step finished in '2' seconds
Command: launch_simulation -step elaborate -simset sim_1 -mode behavioral
INFO: [Vivado 12-25911] Executing simulation for 'XSim' simulator
INFO: [Vivado 12-28535] Process started - Mon May  4 22:38:34 2026

INFO: [Vivado 12-12493] Simulation top is 'tb_digi_safe'
INFO: [Vivado 12-5682] Launching behavioral simulation in 'C:/Users/admin/Desktop/Projekt/DE1_Uloha6/digi_safe/digi_safe.sim/sim_1/behav/xsim'
INFO: [SIM-utils-51] Simulation object is 'sim_1'
INFO: [USF-XSim-3] XSim::Elaborate design
INFO: [USF-XSim-61] Executing 'ELABORATE' step in 'C:/Users/admin/Desktop/Projekt/DE1_Uloha6/digi_safe/digi_safe.sim/sim_1/behav/xsim'
"xelab --incr --debug typical --relax --mt 2 -L xil_defaultlib -L secureip --snapshot tb_digi_safe_behav xil_defaultlib.tb_digi_safe -log elaborate.log"
Vivado Simulator v2025.2
Copyright 1986-2022 Xilinx, Inc. All Rights Reserved.
Copyright 2022-2025 Advanced Micro Devices, Inc. All Rights Reserved.
Running: D:/AMDDesignTools/2025.2/Vivado/bin/unwrapped/win64.o/xelab.exe --incr --debug typical --relax --mt 2 -L xil_defaultlib -L secureip --snapshot tb_digi_safe_behav xil_defaultlib.tb_digi_safe -log elaborate.log 
Using 2 slave threads.
Starting static elaboration
Completed static elaboration
Starting simulation data flow analysis
Completed simulation data flow analysis
Time Resolution for simulation is 1ps
Compiling package std.standard
Compiling package std.textio
Compiling package ieee.std_logic_1164
Compiling package ieee.numeric_std
Compiling architecture behavioral of entity xil_defaultlib.clk_en [\clk_en(g_max=2)\]
Compiling architecture behavioral of entity xil_defaultlib.debounce [debounce_default]
Compiling architecture behavioral of entity xil_defaultlib.digit_editor [digit_editor_default]
Compiling architecture behavioral of entity xil_defaultlib.safe_control_logic [safe_control_logic_default]
Compiling architecture behavioral of entity xil_defaultlib.display_driver [display_driver_default]
Compiling architecture structural of entity xil_defaultlib.digi_safe [digi_safe_default]
Compiling architecture tb of entity xil_defaultlib.tb_digi_safe
Built simulation snapshot tb_digi_safe_behav
INFO: [USF-XSim-69] 'elaborate' step finished in '2' seconds
Time resolution is 1 ps
relaunch_sim: Time (s): cpu = 00:00:01 ; elapsed = 00:00:06 . Memory (MB): peak = 3339.594 ; gain = 0.000
WARNING: [filemgmt 56-199] Attempt to get parsing info during refresh. "On-the-fly" syntax checking information may be incorrect. [C:\Users\admin\Desktop\Projekt\DE1_Uloha6\digi_safe\digi_safe.srcs\sources_1\new\digi_safe.vhd:]
WARNING: [filemgmt 56-199] Attempt to get parsing info during refresh. "On-the-fly" syntax checking information may be incorrect. [C:\Users\admin\Desktop\Projekt\DE1_Uloha6\digi_safe\digi_safe.srcs\sources_1\new\digit_editor.vhd:]
WARNING: [filemgmt 56-199] Attempt to get parsing info during refresh. "On-the-fly" syntax checking information may be incorrect. [C:\Users\admin\Desktop\Projekt\DE1_Uloha6\digi_safe\digi_safe.srcs\sources_1\imports\new\debounce.vhd:]
WARNING: [filemgmt 56-199] Attempt to get parsing info during refresh. "On-the-fly" syntax checking information may be incorrect. [C:\Users\admin\Desktop\Projekt\DE1_Uloha6\digi_safe\digi_safe.srcs\sim_1\new\digi_safe_tb.vhd:]
WARNING: [filemgmt 56-199] Attempt to get parsing info during refresh. "On-the-fly" syntax checking information may be incorrect. [C:\Users\admin\Desktop\Projekt\DE1_Uloha6\digi_safe\digi_safe.srcs\sources_1\new\digit_editor.vhd:]
WARNING: [filemgmt 56-199] Attempt to get parsing info during refresh. "On-the-fly" syntax checking information may be incorrect. [C:\Users\admin\Desktop\Projekt\DE1_Uloha6\digi_safe\digi_safe.srcs\sources_1\new\digit_editor.vhd:]
WARNING: [filemgmt 56-199] Attempt to get parsing info during refresh. "On-the-fly" syntax checking information may be incorrect. [C:\Users\admin\Desktop\Projekt\DE1_Uloha6\digi_safe\digi_safe.srcs\sources_1\new\digi_safe.vhd:]
WARNING: [filemgmt 56-199] Attempt to get parsing info during refresh. "On-the-fly" syntax checking information may be incorrect. [C:\Users\admin\Desktop\Projekt\DE1_Uloha6\digi_safe\digi_safe.srcs\sources_1\new\digit_editor.vhd:]
WARNING: [filemgmt 56-199] Attempt to get parsing info during refresh. "On-the-fly" syntax checking information may be incorrect. [C:\Users\admin\Desktop\Projekt\DE1_Uloha6\digi_safe\digi_safe.srcs\sources_1\imports\new\debounce.vhd:]
WARNING: [filemgmt 56-199] Attempt to get parsing info during refresh. "On-the-fly" syntax checking information may be incorrect. [C:\Users\admin\Desktop\Projekt\DE1_Uloha6\digi_safe\digi_safe.srcs\sim_1\new\digi_safe_tb.vhd:]
WARNING: [filemgmt 56-199] Attempt to get parsing info during refresh. "On-the-fly" syntax checking information may be incorrect. [C:\Users\admin\Desktop\Projekt\DE1_Uloha6\digi_safe\digi_safe.srcs\sources_1\new\digi_safe.vhd:]
WARNING: [filemgmt 56-199] Attempt to get parsing info during refresh. "On-the-fly" syntax checking information may be incorrect. [C:\Users\admin\Desktop\Projekt\DE1_Uloha6\digi_safe\digi_safe.srcs\sources_1\new\digi_safe.vhd:]
WARNING: [filemgmt 56-199] Attempt to get parsing info during refresh. "On-the-fly" syntax checking information may be incorrect. [C:\Users\admin\Desktop\Projekt\DE1_Uloha6\digi_safe\digi_safe.srcs\sources_1\new\digi_safe.vhd:]
WARNING: [filemgmt 56-199] Attempt to get parsing info during refresh. "On-the-fly" syntax checking information may be incorrect. [C:\Users\admin\Desktop\Projekt\DE1_Uloha6\digi_safe\digi_safe.srcs\sources_1\new\digit_editor.vhd:]
WARNING: [filemgmt 56-199] Attempt to get parsing info during refresh. "On-the-fly" syntax checking information may be incorrect. [C:\Users\admin\Desktop\Projekt\DE1_Uloha6\digi_safe\digi_safe.srcs\sources_1\imports\new\debounce.vhd:]
WARNING: [filemgmt 56-199] Attempt to get parsing info during refresh. "On-the-fly" syntax checking information may be incorrect. [C:\Users\admin\Desktop\Projekt\DE1_Uloha6\digi_safe\digi_safe.srcs\sim_1\new\digi_safe_tb.vhd:]
WARNING: [filemgmt 56-199] Attempt to get parsing info during refresh. "On-the-fly" syntax checking information may be incorrect. [C:\Users\admin\Desktop\Projekt\DE1_Uloha6\digi_safe\digi_safe.srcs\sim_1\new\digi_safe_tb.vhd:]
WARNING: [filemgmt 56-199] Attempt to get parsing info during refresh. "On-the-fly" syntax checking information may be incorrect. [C:\Users\admin\Desktop\Projekt\DE1_Uloha6\digi_safe\digi_safe.srcs\sim_1\new\digi_safe_tb.vhd:]
relaunch_sim
Command: launch_simulation -step compile -simset sim_1 -mode behavioral
INFO: [Vivado 12-25911] Executing simulation for 'XSim' simulator
INFO: [Vivado 12-28535] Process started - Mon May  4 22:39:02 2026

INFO: [Vivado 12-12493] Simulation top is 'tb_digi_safe'
INFO: [Vivado 12-5682] Launching behavioral simulation in 'C:/Users/admin/Desktop/Projekt/DE1_Uloha6/digi_safe/digi_safe.sim/sim_1/behav/xsim'
INFO: [SIM-utils-51] Simulation object is 'sim_1'
INFO: [USF-XSim-2] XSim::Compile design
INFO: [USF-XSim-61] Executing 'COMPILE and ANALYZE' step in 'C:/Users/admin/Desktop/Projekt/DE1_Uloha6/digi_safe/digi_safe.sim/sim_1/behav/xsim'
"xvhdl --incr --relax -prj tb_digi_safe_vhdl.prj"
INFO: [VRFC 10-163] Analyzing VHDL file "C:/Users/admin/Desktop/Projekt/DE1_Uloha6/digi_safe/digi_safe.srcs/sim_1/new/digi_safe_tb.vhd" into library xil_defaultlib
INFO: [VRFC 10-3107] analyzing entity 'tb_digi_safe'
INFO: [USF-XSim-69] 'compile' step finished in '1' seconds
Command: launch_simulation -step elaborate -simset sim_1 -mode behavioral
INFO: [Vivado 12-25911] Executing simulation for 'XSim' simulator
INFO: [Vivado 12-28535] Process started - Mon May  4 22:39:03 2026

INFO: [Vivado 12-12493] Simulation top is 'tb_digi_safe'
INFO: [Vivado 12-5682] Launching behavioral simulation in 'C:/Users/admin/Desktop/Projekt/DE1_Uloha6/digi_safe/digi_safe.sim/sim_1/behav/xsim'
INFO: [SIM-utils-51] Simulation object is 'sim_1'
INFO: [USF-XSim-3] XSim::Elaborate design
INFO: [USF-XSim-61] Executing 'ELABORATE' step in 'C:/Users/admin/Desktop/Projekt/DE1_Uloha6/digi_safe/digi_safe.sim/sim_1/behav/xsim'
"xelab --incr --debug typical --relax --mt 2 -L xil_defaultlib -L secureip --snapshot tb_digi_safe_behav xil_defaultlib.tb_digi_safe -log elaborate.log"
Vivado Simulator v2025.2
Copyright 1986-2022 Xilinx, Inc. All Rights Reserved.
Copyright 2022-2025 Advanced Micro Devices, Inc. All Rights Reserved.
Running: D:/AMDDesignTools/2025.2/Vivado/bin/unwrapped/win64.o/xelab.exe --incr --debug typical --relax --mt 2 -L xil_defaultlib -L secureip --snapshot tb_digi_safe_behav xil_defaultlib.tb_digi_safe -log elaborate.log 
Using 2 slave threads.
Starting static elaboration
Completed static elaboration
Starting simulation data flow analysis
Completed simulation data flow analysis
Time Resolution for simulation is 1ps
Compiling package std.standard
Compiling package std.textio
Compiling package ieee.std_logic_1164
Compiling package ieee.numeric_std
Compiling architecture behavioral of entity xil_defaultlib.clk_en [\clk_en(g_max=2)\]
Compiling architecture behavioral of entity xil_defaultlib.debounce [debounce_default]
Compiling architecture behavioral of entity xil_defaultlib.digit_editor [digit_editor_default]
Compiling architecture behavioral of entity xil_defaultlib.safe_control_logic [safe_control_logic_default]
Compiling architecture behavioral of entity xil_defaultlib.display_driver [display_driver_default]
Compiling architecture structural of entity xil_defaultlib.digi_safe [digi_safe_default]
Compiling architecture tb of entity xil_defaultlib.tb_digi_safe
Built simulation snapshot tb_digi_safe_behav
INFO: [USF-XSim-69] 'elaborate' step finished in '2' seconds
Time resolution is 1 ps
relaunch_sim: Time (s): cpu = 00:00:01 ; elapsed = 00:00:07 . Memory (MB): peak = 3339.594 ; gain = 0.000
save_wave_config {C:/Users/admin/Desktop/Projekt/DE1_Uloha6/digi_safe/tb_digi_safe_behav.wcfg}
close_sim
INFO: [Simtcl 6-16] Simulation closed
exit
INFO: [Common 17-206] Exiting Vivado at Mon May  4 22:42:19 2026...
